[23:07:24] [main/INFO] (FabricLoader/GameProvider) Loading Minecraft 1.21.7 with Fabric Loader 0.15.7
[23:07:24] [main/DEBUG] (FabricLoader/GamePatch) Found game constructor: net.minecraft.client.main.Main -> net.minecraft.client.MinecraftClient
[23:07:24] [main/DEBUG] (FabricLoader/GamePatch) Patching game constructor <init>(Lnet/minecraft/client/RunArgs;)V
[23:07:24] [main/DEBUG] (FabricLoader/GamePatch) Run directory field is thought to be net/minecraft/client/MinecraftClient/runDirectory
[23:07:24] [main/DEBUG] (FabricLoader/GamePatch) Applying brand name hook to net/minecraft/client/ClientBrandRetriever::getClientModName
[23:07:24] [main/DEBUG] (FabricLoader/GamePatch) Applying brand name hook to net/minecraft/server/MinecraftServer::getServerModName
[23:07:24] [main/DEBUG] (FabricLoader/Mappings) Loading mappings took 126 ms
[23:07:24] [main/DEBUG] (FabricLoader/GamePatch) Patched 3 classs
[23:07:25] [main/DEBUG] (FabricLoader/Discovery) Mod discovery time: 39.6 ms
[23:07:25] [main/DEBUG] (FabricLoader/Resolution) Mod resolution time: 73.2 ms
[23:07:25] [main/INFO] (FabricLoader) Loading 18 mods:
	- fabric-api-base 0.4.35+78d798af4f
	- fabric-command-api-v2 2.2.19+78d798af4f
	- fabric-content-registries-v0 5.0.9+78d798af4f
	- fabric-entity-events-v1 1.5.28+4ced05924f
	- fabric-events-interaction-v0 0.6.14+78d798af4f
	- fabric-events-lifecycle-v0 0.2.71+df3654b34f
	- fabric-item-api-v1 2.1.34+78d798af4f
	- fabric-lifecycle-events-v1 2.2.29+78d798af4f
	- fabric-networking-api-v1 3.1.2+78d798af4f
	- fabric-object-builder-api-v1 13.0.7+78d798af4f
	- fabric-registry-sync-v0 4.0.13+78d798af4f
	- fabric-resource-loader-v0 0.11.15+78d798af4f
	- fabric-sound-api-v1 1.0.16+78d798af4f
	- fabricloader 0.15.7
	- java 21
	- mcmod 1.0.0
	- minecraft 1.21.7
	- mixinextras 0.3.5
[23:07:25] [main/DEBUG] (FabricLoader/Knot) Adding D:\Github\New\MCMod\mod\.gradle\loom-cache\remapped_mods\net_fabricmc_yarn_1_21_7_1_21_7_build_1_v2\net\fabricmc\fabric-api\fabric-object-builder-api-v1\13.0.7+78d798af4f\fabric-object-builder-api-v1-13.0.7+78d798af4f.jar to classpath.
[23:07:25] [main/DEBUG] (FabricLoader/Knot) Adding D:\Github\New\MCMod\mod\.gradle\loom-cache\remapped_mods\net_fabricmc_yarn_1_21_7_1_21_7_build_1_v2\net\fabricmc\fabric-api\fabric-entity-events-v1\1.5.28+4ced05924f\fabric-entity-events-v1-1.5.28+4ced05924f.jar to classpath.
[23:07:25] [main/DEBUG] (FabricLoader/Knot) Adding D:\Github\New\MCMod\mod\build\resources\main to classpath.
[23:07:25] [main/DEBUG] (FabricLoader/Knot) Adding D:\Github\New\MCMod\mod\.gradle\loom-cache\remapped_mods\net_fabricmc_yarn_1_21_7_1_21_7_build_1_v2\net\fabricmc\fabric-api\fabric-command-api-v2\2.2.19+78d798af4f\fabric-command-api-v2-2.2.19+78d798af4f.jar to classpath.
[23:07:25] [main/DEBUG] (FabricLoader/Knot) Adding D:\Github\New\MCMod\mod\.gradle\loom-cache\remapped_mods\net_fabricmc_yarn_1_21_7_1_21_7_build_1_v2\net\fabricmc\fabric-api\fabric-api-base\0.4.35+78d798af4f\fabric-api-base-0.4.35+78d798af4f.jar to classpath.
[23:07:25] [main/DEBUG] (FabricLoader/Knot) Adding D:\Github\New\MCMod\mod\.gradle\loom-cache\remapped_mods\net_fabricmc_yarn_1_21_7_1_21_7_build_1_v2\net\fabricmc\fabric-api\fabric-events-interaction-v0\0.6.14+78d798af4f\fabric-events-interaction-v0-0.6.14+78d798af4f.jar to classpath.
[23:07:25] [main/DEBUG] (FabricLoader/Knot) Adding D:\Github\New\MCMod\mod\.gradle\loom-cache\remapped_mods\net_fabricmc_yarn_1_21_7_1_21_7_build_1_v2\net\fabricmc\fabric-api\fabric-item-api-v1\2.1.34+78d798af4f\fabric-item-api-v1-2.1.34+78d798af4f.jar to classpath.
[23:07:25] [main/DEBUG] (FabricLoader/Knot) Adding D:\Github\New\MCMod\mod\.gradle\loom-cache\remapped_mods\net_fabricmc_yarn_1_21_7_1_21_7_build_1_v2\net\fabricmc\fabric-api\fabric-lifecycle-events-v1\2.2.29+78d798af4f\fabric-lifecycle-events-v1-2.2.29+78d798af4f.jar to classpath.
[23:07:25] [main/DEBUG] (FabricLoader/Knot) Adding D:\Github\New\MCMod\mod\.gradle\loom-cache\remapped_mods\net_fabricmc_yarn_1_21_7_1_21_7_build_1_v2\net\fabricmc\fabric-api\fabric-registry-sync-v0\4.0.13+78d798af4f\fabric-registry-sync-v0-4.0.13+78d798af4f.jar to classpath.
[23:07:25] [main/DEBUG] (FabricLoader/Knot) Adding D:\Github\New\MCMod\mod\.gradle\loom-cache\remapped_mods\net_fabricmc_yarn_1_21_7_1_21_7_build_1_v2\net\fabricmc\fabric-api\fabric-resource-loader-v0\0.11.15+78d798af4f\fabric-resource-loader-v0-0.11.15+78d798af4f.jar to classpath.
[23:07:25] [main/DEBUG] (FabricLoader/Knot) Adding D:\Github\New\MCMod\mod\.gradle\loom-cache\remapped_mods\net_fabricmc_yarn_1_21_7_1_21_7_build_1_v2\net\fabricmc\fabric-api\fabric-sound-api-v1\1.0.16+78d798af4f\fabric-sound-api-v1-1.0.16+78d798af4f.jar to classpath.
[23:07:25] [main/DEBUG] (FabricLoader/Knot) Adding C:\Users\Loure\.gradle\caches\modules-2\files-2.1\io.github.llamalad7\mixinextras-fabric\0.3.5\3b577be20ea942610b3045e4f0cd909fa415a9d3\mixinextras-fabric-0.3.5.jar to classpath.
[23:07:25] [main/DEBUG] (FabricLoader/Knot) Adding D:\Github\New\MCMod\mod\.gradle\loom-cache\remapped_mods\net_fabricmc_yarn_1_21_7_1_21_7_build_1_v2\net\fabricmc\fabric-api\fabric-events-lifecycle-v0\0.2.71+df3654b34f\fabric-events-lifecycle-v0-0.2.71+df3654b34f.jar to classpath.
[23:07:25] [main/DEBUG] (FabricLoader/Knot) Adding D:\Github\New\MCMod\mod\.gradle\loom-cache\remapped_mods\net_fabricmc_yarn_1_21_7_1_21_7_build_1_v2\net\fabricmc\fabric-api\fabric-content-registries-v0\5.0.9+78d798af4f\fabric-content-registries-v0-5.0.9+78d798af4f.jar to classpath.
[23:07:25] [main/DEBUG] (FabricLoader/Knot) Adding D:\Github\New\MCMod\mod\.gradle\loom-cache\remapped_mods\net_fabricmc_yarn_1_21_7_1_21_7_build_1_v2\net\fabricmc\fabric-api\fabric-networking-api-v1\3.1.2+78d798af4f\fabric-networking-api-v1-3.1.2+78d798af4f.jar to classpath.
[23:07:25] [main/DEBUG] (FabricLoader/Entrypoint) Registering new-style initializer com.example.mcmod.MCModClient for mod mcmod (key client)
[23:07:25] [main/DEBUG] (FabricLoader/Entrypoint) Registering new-style initializer com.example.mcmod.MCMod for mod mcmod (key main)
[23:07:25] [main/DEBUG] (FabricLoader/Entrypoint) Registering new-style initializer net.fabricmc.fabric.impl.event.interaction.client.InteractionEventsRouterClient for mod fabric-events-interaction-v0 (key client)
[23:07:25] [main/DEBUG] (FabricLoader/Entrypoint) Registering new-style initializer net.fabricmc.fabric.impl.event.interaction.InteractionEventsRouter for mod fabric-events-interaction-v0 (key main)
[23:07:25] [main/DEBUG] (FabricLoader/Entrypoint) Registering new-style initializer net.fabricmc.fabric.impl.client.event.lifecycle.ClientLifecycleEventsImpl for mod fabric-lifecycle-events-v1 (key client)
[23:07:25] [main/DEBUG] (FabricLoader/Entrypoint) Registering new-style initializer net.fabricmc.fabric.impl.event.lifecycle.LifecycleEventsImpl for mod fabric-lifecycle-events-v1 (key main)
[23:07:25] [main/DEBUG] (FabricLoader/Entrypoint) Registering new-style initializer net.fabricmc.fabric.impl.client.registry.sync.FabricRegistryClientInit for mod fabric-registry-sync-v0 (key client)
[23:07:25] [main/DEBUG] (FabricLoader/Entrypoint) Registering new-style initializer net.fabricmc.fabric.impl.registry.sync.FabricRegistryInit for mod fabric-registry-sync-v0 (key main)
[23:07:25] [main/DEBUG] (FabricLoader/Entrypoint) Registering new-style initializer net.fabricmc.fabric.impl.event.lifecycle.v0.client.LegacyClientEventInvokers for mod fabric-events-lifecycle-v0 (key client)
[23:07:25] [main/DEBUG] (FabricLoader/Entrypoint) Registering new-style initializer net.fabricmc.fabric.impl.event.lifecycle.v0.LegacyEventInvokers for mod fabric-events-lifecycle-v0 (key main)
[23:07:25] [main/DEBUG] (FabricLoader/Entrypoint) Registering new-style initializer net.fabricmc.fabric.impl.networking.client.ClientNetworkingImpl::clientInit for mod fabric-networking-api-v1 (key client)
[23:07:25] [main/DEBUG] (FabricLoader/Entrypoint) Registering new-style initializer net.fabricmc.fabric.impl.networking.CommonPacketsImpl::init for mod fabric-networking-api-v1 (key main)
[23:07:25] [main/INFO] (FabricLoader/Mixin) SpongePowered MIXIN Subsystem Version=0.8.5 Source=file:/C:/Users/Loure/.gradle/caches/modules-2/files-2.1/net.fabricmc/sponge-mixin/0.12.5+mixin.0.8.5/8d31fb97c3e0cd7c8dad3441851c523bcfae6d8e/sponge-mixin-0.12.5+mixin.0.8.5.jar Service=Knot/Fabric Env=CLIENT
[23:07:25] [main/DEBUG] (FabricLoader/Mixin) Error cleaning class output directory: .mixin.out
[23:07:25] [main/DEBUG] (FabricLoader/Mixin) Initialising Mixin Platform Manager
[23:07:25] [main/DEBUG] (FabricLoader/Mixin) Adding mixin platform agents for container ContainerHandleURI(file:///C:/Users/Loure/.gradle/caches/modules-2/files-2.1/net.fabricmc/fabric-loader/0.15.7/809a1a6b0f4bcca07e3dffc01f8a62265db3ff5d/fabric-loader-0.15.7.jar)
[23:07:25] [main/DEBUG] (FabricLoader/Mixin) Instancing new MixinPlatformAgentDefault for ContainerHandleURI(file:///C:/Users/Loure/.gradle/caches/modules-2/files-2.1/net.fabricmc/fabric-loader/0.15.7/809a1a6b0f4bcca07e3dffc01f8a62265db3ff5d/fabric-loader-0.15.7.jar)
[23:07:25] [main/DEBUG] (FabricLoader/Mixin) MixinPlatformAgentDefault accepted container ContainerHandleURI(file:///C:/Users/Loure/.gradle/caches/modules-2/files-2.1/net.fabricmc/fabric-loader/0.15.7/809a1a6b0f4bcca07e3dffc01f8a62265db3ff5d/fabric-loader-0.15.7.jar)
[23:07:25] [main/DEBUG] (FabricLoader/Mixin) Instancing new MixinPlatformAgentDefault for ContainerHandleURI(file:///C:/Users/Loure/.gradle/caches/modules-2/files-2.1/net.fabricmc/fabric-loader/0.15.7/809a1a6b0f4bcca07e3dffc01f8a62265db3ff5d/fabric-loader-0.15.7.jar)
[23:07:25] [main/DEBUG] (FabricLoader/Mixin) MixinPlatformAgentDefault accepted container ContainerHandleURI(file:///C:/Users/Loure/.gradle/caches/modules-2/files-2.1/net.fabricmc/fabric-loader/0.15.7/809a1a6b0f4bcca07e3dffc01f8a62265db3ff5d/fabric-loader-0.15.7.jar)
[23:07:25] [main/DEBUG] (FabricLoader/Mixin) Processing prepare() for PlatformAgent[MixinPlatformAgentDefault:ContainerHandleURI(file:///C:/Users/Loure/.gradle/caches/modules-2/files-2.1/net.fabricmc/fabric-loader/0.15.7/809a1a6b0f4bcca07e3dffc01f8a62265db3ff5d/fabric-loader-0.15.7.jar)]
[23:07:25] [main/DEBUG] (FabricLoader/Mixin) Processing prepare() for PlatformAgent[MixinPlatformAgentDefault:ContainerHandleURI(file:///C:/Users/Loure/.gradle/caches/modules-2/files-2.1/net.fabricmc/fabric-loader/0.15.7/809a1a6b0f4bcca07e3dffc01f8a62265db3ff5d/fabric-loader-0.15.7.jar)]
[23:07:25] [main/INFO] (FabricLoader/Mixin) Loaded Fabric development mappings for mixin remapper!
[23:07:25] [main/DEBUG] (FabricLoader/Mixin) Compatibility level JAVA_17 specified by fabric-object-builder-v1.mixins.json is higher than the maximum level supported by this version of mixin (JAVA_13).
[23:07:25] [main/INFO] (FabricLoader/Mixin) Compatibility level set to JAVA_17
[23:07:25] [main/DEBUG] (FabricLoader/Mixin) Mixin config fabric-object-builder-v1.mixins.json does not specify "minVersion" property
[23:07:25] [main/DEBUG] (FabricLoader/Mixin) Mixin config fabric-object-builder-v1.client.mixins.json does not specify "minVersion" property
[23:07:25] [main/DEBUG] (FabricLoader/Mixin) Mixin config fabric-entity-events-v1.mixins.json does not specify "minVersion" property
[23:07:25] [main/DEBUG] (FabricLoader/Mixin) Mixin config fabric-entity-events-v1.client.mixins.json does not specify "minVersion" property
[23:07:25] [main/DEBUG] (FabricLoader/Mixin) Mixin config fabric-command-api-v2.mixins.json does not specify "minVersion" property
[23:07:25] [main/DEBUG] (FabricLoader/Mixin) Mixin config fabric-command-api-v2.client.mixins.json does not specify "minVersion" property
[23:07:25] [main/DEBUG] (FabricLoader/Mixin) Mixin config fabric-events-interaction-v0.mixins.json does not specify "minVersion" property
[23:07:25] [main/DEBUG] (FabricLoader/Mixin) Mixin config fabric-events-interaction-v0.client.mixins.json does not specify "minVersion" property
[23:07:25] [main/DEBUG] (FabricLoader/Mixin) Mixin config fabric-item-api-v1.mixins.json does not specify "minVersion" property
[23:07:25] [main/DEBUG] (FabricLoader/Mixin) Mixin config fabric-item-api-v1.client.mixins.json does not specify "minVersion" property
[23:07:25] [main/DEBUG] (FabricLoader/Mixin) Mixin config fabric-lifecycle-events-v1.mixins.json does not specify "minVersion" property
[23:07:25] [main/DEBUG] (FabricLoader/Mixin) Mixin config fabric-lifecycle-events-v1.client.mixins.json does not specify "minVersion" property
[23:07:25] [main/DEBUG] (FabricLoader/Mixin) Mixin config fabric-registry-sync-v0.mixins.json does not specify "minVersion" property
[23:07:25] [main/DEBUG] (FabricLoader/Mixin) Mixin config fabric-registry-sync-v0.client.mixins.json does not specify "minVersion" property
[23:07:25] [main/DEBUG] (FabricLoader/Mixin) Mixin config fabric-resource-loader-v0.mixins.json does not specify "minVersion" property
[23:07:25] [main/DEBUG] (FabricLoader/Mixin) Mixin config fabric-resource-loader-v0.client.mixins.json does not specify "minVersion" property
[23:07:25] [main/DEBUG] (FabricLoader/Mixin) Mixin config fabric-sound-api-v1.mixins.json does not specify "minVersion" property
[23:07:25] [main/DEBUG] (FabricLoader/Mixin) Mixin config fabric-content-registries-v0.mixins.json does not specify "minVersion" property
[23:07:25] [main/DEBUG] (FabricLoader/Mixin) Mixin config fabric-networking-api-v1.mixins.json does not specify "minVersion" property
[23:07:25] [main/DEBUG] (FabricLoader/Mixin) Mixin config fabric-networking-api-v1.client.mixins.json does not specify "minVersion" property
[23:07:25] [main/DEBUG] (FabricLoader/Knot) Adding D:\Github\New\MCMod\mod\.gradle\loom-cache\minecraftMaven\net\minecraft\minecraft-merged-1e85820872\1.21.7-net.fabricmc.yarn.1_21_7.1.21.7+build.1-v2\minecraft-merged-1e85820872-1.21.7-net.fabricmc.yarn.1_21_7.1.21.7+build.1-v2.jar to classpath.
[23:07:25] [main/DEBUG] (FabricLoader/Knot) Adding D:\Github\New\MCMod\mod\build\classes\java\main to classpath.
[23:07:25] [main/DEBUG] (FabricLoader/Knot) Adding D:\Github\New\MCMod\mod\build\resources\main to classpath.
[23:07:25] [main/DEBUG] (FabricLoader/Knot) Adding C:\Users\Loure\.gradle\caches\fabric-loom\1.21.7\net.fabricmc.yarn.1_21_7.1.21.7+build.1-v2\mappings.jar to classpath.
[23:07:25] [main/DEBUG] (FabricLoader/Knot) Adding C:\Users\Loure\.gradle\caches\modules-2\files-2.1\io.github.llamalad7\mixinextras-fabric\0.3.5\3b577be20ea942610b3045e4f0cd909fa415a9d3\mixinextras-fabric-0.3.5.jar to classpath.
[23:07:25] [main/DEBUG] (FabricLoader/Knot) Adding C:\Users\Loure\.gradle\caches\modules-2\files-2.1\net.fabricmc\dev-launch-injector\0.2.1+build.8\da8bef7e6e2f952da707f282bdb46882a0fce5e3\dev-launch-injector-0.2.1+build.8.jar to classpath.
[23:07:25] [main/DEBUG] (FabricLoader/Knot) Adding C:\Users\Loure\.gradle\caches\modules-2\files-2.1\com.fasterxml.jackson.core\jackson-annotations\2.13.4\858c6cc78e1f08a885b1613e1d817c829df70a6e\jackson-annotations-2.13.4.jar to classpath.
[23:07:25] [main/DEBUG] (FabricLoader/Knot) Adding C:\Users\Loure\.gradle\caches\modules-2\files-2.1\com.fasterxml.jackson.core\jackson-core\2.13.4\cf934c681294b97ef6d80082faeefbe1edadf56\jackson-core-2.13.4.jar to classpath.
[23:07:25] [main/DEBUG] (FabricLoader/Knot) Adding C:\Users\Loure\.gradle\caches\modules-2\files-2.1\com.fasterxml.jackson.core\jackson-databind\2.13.4.2\325c06bdfeb628cfb80ebaaf1a26cc1eb558a585\jackson-databind-2.13.4.2.jar to classpath.
[23:07:25] [main/DEBUG] (FabricLoader/Knot) Adding C:\Users\Loure\.gradle\caches\modules-2\files-2.1\com.github.oshi\oshi-core\6.6.5\e1099981fd15dc4236c4499d82aba1276fb43a9a\oshi-core-6.6.5.jar to classpath.
[23:07:25] [main/DEBUG] (FabricLoader/Knot) Adding C:\Users\Loure\.gradle\caches\modules-2\files-2.1\com.github.stephenc.jcip\jcip-annotations\1.0-1\ef31541dd28ae2cefdd17c7ebf352d93e9058c63\jcip-annotations-1.0-1.jar to classpath.
[23:07:25] [main/DEBUG] (FabricLoader/Knot) Adding C:\Users\Loure\.gradle\caches\modules-2\files-2.1\com.google.guava\failureaccess\1.0.2\c4a06a64e650562f30b7bf9aaec1bfed43aca12b\failureaccess-1.0.2.jar to classpath.
[23:07:25] [main/DEBUG] (FabricLoader/Knot) Adding C:\Users\Loure\.gradle\caches\modules-2\files-2.1\com.google.guava\guava\33.3.1-jre\852f8b363da0111e819460021ca693cacca3e8db\guava-33.3.1-jre.jar to classpath.
[23:07:25] [main/DEBUG] (FabricLoader/Knot) Adding C:\Users\Loure\.gradle\caches\modules-2\files-2.1\com.ibm.icu\icu4j\76.1\215f3a8e936d4069344bd75f2b1368fd58112894\icu4j-76.1.jar to classpath.
[23:07:25] [main/DEBUG] (FabricLoader/Knot) Adding C:\Users\Loure\.gradle\caches\modules-2\files-2.1\com.microsoft.azure\msal4j\1.17.2\a6211e3d71d0388929babaa0ff0951b30d001852\msal4j-1.17.2.jar to classpath.
[23:07:25] [main/DEBUG] (FabricLoader/Knot) Adding C:\Users\Loure\.gradle\caches\modules-2\files-2.1\com.mojang\blocklist\1.0.10\5c685c5ffa94c4cd39496c7184c1d122e515ecef\blocklist-1.0.10.jar to classpath.
[23:07:25] [main/DEBUG] (FabricLoader/Knot) Adding C:\Users\Loure\.gradle\caches\modules-2\files-2.1\com.mojang\brigadier\1.3.10\d15b53a14cf20fdcaa98f731af5dda654452c010\brigadier-1.3.10.jar to classpath.
[23:07:25] [main/DEBUG] (FabricLoader/Knot) Adding C:\Users\Loure\.gradle\caches\modules-2\files-2.1\com.mojang\datafixerupper\8.0.16\67d4de6d7f95d89bcf5862995fb854ebaec02a34\datafixerupper-8.0.16.jar to classpath.
[23:07:25] [main/DEBUG] (FabricLoader/Knot) Adding C:\Users\Loure\.gradle\caches\modules-2\files-2.1\com.mojang\jtracy\1.0.29\6f07dcb6a2e595c7ee2ca43b67e5d1c018ca0770\jtracy-1.0.29.jar to classpath.
[23:07:25] [main/DEBUG] (FabricLoader/Knot) Adding C:\Users\Loure\.gradle\caches\modules-2\files-2.1\com.mojang\jtracy\1.0.29\e05332cb31c7ae582dc8d8bd1bffd47c2ff7636f\jtracy-1.0.29-natives-windows.jar to classpath.
[23:07:25] [main/DEBUG] (FabricLoader/Knot) Adding C:\Users\Loure\.gradle\caches\modules-2\files-2.1\com.mojang\patchy\2.2.10\da05971b07cbb379d002cf7eaec6a2048211fefc\patchy-2.2.10.jar to classpath.
[23:07:25] [main/DEBUG] (FabricLoader/Knot) Adding C:\Users\Loure\.gradle\caches\modules-2\files-2.1\com.mojang\text2speech\1.18.11\e853a12cdd6ba4f4836e8f4bf3b37844a13482b6\text2speech-1.18.11.jar to classpath.
[23:07:25] [main/DEBUG] (FabricLoader/Knot) Adding C:\Users\Loure\.gradle\caches\modules-2\files-2.1\com.nimbusds\content-type\2.3\e3aa0be212d7a42839a8f3f506f5b990bcce0222\content-type-2.3.jar to classpath.
[23:07:25] [main/DEBUG] (FabricLoader/Knot) Adding C:\Users\Loure\.gradle\caches\modules-2\files-2.1\com.nimbusds\lang-tag\1.7\97c73ecd70bc7e8eefb26c5eea84f251a63f1031\lang-tag-1.7.jar to classpath.
[23:07:25] [main/DEBUG] (FabricLoader/Knot) Adding C:\Users\Loure\.gradle\caches\modules-2\files-2.1\com.nimbusds\nimbus-jose-jwt\9.40\42b1dfa0360e4062951b070bac52dd8d96fd7b38\nimbus-jose-jwt-9.40.jar to classpath.
[23:07:25] [main/DEBUG] (FabricLoader/Knot) Adding C:\Users\Loure\.gradle\caches\modules-2\files-2.1\com.nimbusds\oauth2-oidc-sdk\11.18\7c7ec4f4066625ff07a711ad856fa04da1ff9de\oauth2-oidc-sdk-11.18.jar to classpath.
[23:07:25] [main/DEBUG] (FabricLoader/Knot) Adding C:\Users\Loure\.gradle\caches\modules-2\files-2.1\commons-codec\commons-codec\1.17.1\973638b7149d333563584137ebf13a691bb60579\commons-codec-1.17.1.jar to classpath.
[23:07:25] [main/DEBUG] (FabricLoader/Knot) Adding C:\Users\Loure\.gradle\caches\modules-2\files-2.1\commons-io\commons-io\2.17.0\ddcc8433eb019fb48fe25207c0278143f3e1d7e2\commons-io-2.17.0.jar to classpath.
[23:07:25] [main/DEBUG] (FabricLoader/Knot) Adding C:\Users\Loure\.gradle\caches\modules-2\files-2.1\commons-logging\commons-logging\1.3.4\b9fc14968d63a8b8a8a2c1885fe3e90564239708\commons-logging-1.3.4.jar to classpath.
[23:07:25] [main/DEBUG] (FabricLoader/Knot) Adding C:\Users\Loure\.gradle\caches\modules-2\files-2.1\io.netty\netty-buffer\4.1.118.Final\7022990af1e0d449f9d5322035899745e19735c5\netty-buffer-4.1.118.Final.jar to classpath.
[23:07:25] [main/DEBUG] (FabricLoader/Knot) Adding C:\Users\Loure\.gradle\caches\modules-2\files-2.1\io.netty\netty-codec\4.1.118.Final\307f665c08ce57333121de4f460479fc0c3c94d4\netty-codec-4.1.118.Final.jar to classpath.
[23:07:25] [main/DEBUG] (FabricLoader/Knot) Adding C:\Users\Loure\.gradle\caches\modules-2\files-2.1\io.netty\netty-common\4.1.118.Final\4bb0f9899146484fa89f7b9bc27389d5b8e2ecde\netty-common-4.1.118.Final.jar to classpath.
[23:07:25] [main/DEBUG] (FabricLoader/Knot) Adding C:\Users\Loure\.gradle\caches\modules-2\files-2.1\io.netty\netty-handler\4.1.118.Final\30ebb05b6b0fb071dbfcf713017c4a767a97bb9b\netty-handler-4.1.118.Final.jar to classpath.
[23:07:25] [main/DEBUG] (FabricLoader/Knot) Adding C:\Users\Loure\.gradle\caches\modules-2\files-2.1\io.netty\netty-resolver\4.1.118.Final\28c378c19c1779eca1104b400452627f3ebc4aea\netty-resolver-4.1.118.Final.jar to classpath.
[23:07:25] [main/DEBUG] (FabricLoader/Knot) Adding C:\Users\Loure\.gradle\caches\modules-2\files-2.1\io.netty\netty-transport-classes-epoll\4.1.118.Final\376ce95507066f0e755d97c1c8bcd6c33f657617\netty-transport-classes-epoll-4.1.118.Final.jar to classpath.
[23:07:25] [main/DEBUG] (FabricLoader/Knot) Adding C:\Users\Loure\.gradle\caches\modules-2\files-2.1\io.netty\netty-transport-native-unix-common\4.1.118.Final\9da25a94e6a0edac90da0bc7894e5a54efcb866b\netty-transport-native-unix-common-4.1.118.Final.jar to classpath.
[23:07:25] [main/DEBUG] (FabricLoader/Knot) Adding C:\Users\Loure\.gradle\caches\modules-2\files-2.1\io.netty\netty-transport\4.1.118.Final\5a27232e5d08218722d94ca14f0b1b4576e7711c\netty-transport-4.1.118.Final.jar to classpath.
[23:07:25] [main/DEBUG] (FabricLoader/Knot) Adding C:\Users\Loure\.gradle\caches\modules-2\files-2.1\it.unimi.dsi\fastutil\8.5.15\1e885b40c9563ab0d3899b871fd0b30e958705dc\fastutil-8.5.15.jar to classpath.
[23:07:25] [main/DEBUG] (FabricLoader/Knot) Adding C:\Users\Loure\.gradle\caches\modules-2\files-2.1\net.java.dev.jna\jna-platform\5.15.0\86b502cad57d45da172b5e3231c537b042e296ef\jna-platform-5.15.0.jar to classpath.
[23:07:25] [main/DEBUG] (FabricLoader/Knot) Adding C:\Users\Loure\.gradle\caches\modules-2\files-2.1\net.java.dev.jna\jna\5.15.0\1ee1d80ff44f08280188f7c0e740d57207841ac\jna-5.15.0.jar to classpath.
[23:07:25] [main/DEBUG] (FabricLoader/Knot) Adding C:\Users\Loure\.gradle\caches\modules-2\files-2.1\net.minidev\accessors-smart\2.5.1\19b820261eb2e7de7d5bde11d1c06e4501dd7e5f\accessors-smart-2.5.1.jar to classpath.
[23:07:25] [main/DEBUG] (FabricLoader/Knot) Adding C:\Users\Loure\.gradle\caches\modules-2\files-2.1\net.minidev\json-smart\2.5.1\4c11d2808d009132dfbbf947ebf37de6bf266c8e\json-smart-2.5.1.jar to classpath.
[23:07:25] [main/DEBUG] (FabricLoader/Knot) Adding C:\Users\Loure\.gradle\caches\modules-2\files-2.1\net.sf.jopt-simple\jopt-simple\5.0.4\4fdac2fbe92dfad86aa6e9301736f6b4342a3f5c\jopt-simple-5.0.4.jar to classpath.
[23:07:25] [main/DEBUG] (FabricLoader/Knot) Adding C:\Users\Loure\.gradle\caches\modules-2\files-2.1\org.apache.commons\commons-compress\1.27.1\a19151084758e2fbb6b41eddaa88e7b8ff4e6599\commons-compress-1.27.1.jar to classpath.
[23:07:25] [main/DEBUG] (FabricLoader/Knot) Adding C:\Users\Loure\.gradle\caches\modules-2\files-2.1\org.apache.commons\commons-lang3\3.17.0\b17d2136f0460dcc0d2016ceefca8723bdf4ee70\commons-lang3-3.17.0.jar to classpath.
[23:07:25] [main/DEBUG] (FabricLoader/Knot) Adding C:\Users\Loure\.gradle\caches\modules-2\files-2.1\org.apache.httpcomponents\httpclient\4.5.14\1194890e6f56ec29177673f2f12d0b8e627dec98\httpclient-4.5.14.jar to classpath.
[23:07:25] [main/DEBUG] (FabricLoader/Knot) Adding C:\Users\Loure\.gradle\caches\modules-2\files-2.1\org.apache.httpcomponents\httpcore\4.4.16\51cf043c87253c9f58b539c9f7e44c8894223850\httpcore-4.4.16.jar to classpath.
[23:07:25] [main/DEBUG] (FabricLoader/Knot) Adding C:\Users\Loure\.gradle\caches\modules-2\files-2.1\org.jcraft\jorbis\0.0.17\8872d22b293e8f5d7d56ff92be966e6dc28ebdc6\jorbis-0.0.17.jar to classpath.
[23:07:25] [main/DEBUG] (FabricLoader/Knot) Adding C:\Users\Loure\.gradle\caches\modules-2\files-2.1\org.joml\joml\1.10.8\fc0a71dad90a2cf41d82a76156a0e700af8e4f8d\joml-1.10.8.jar to classpath.
[23:07:25] [main/DEBUG] (FabricLoader/Knot) Adding C:\Users\Loure\.gradle\caches\modules-2\files-2.1\org.lwjgl\lwjgl-freetype\3.3.3\a0db6c84a8becc8ca05f9dbfa985edc348a824c7\lwjgl-freetype-3.3.3.jar to classpath.
[23:07:25] [main/DEBUG] (FabricLoader/Knot) Adding C:\Users\Loure\.gradle\caches\modules-2\files-2.1\org.lwjgl\lwjgl-freetype\3.3.3\81091b006dbb43fab04c8c638e9ac87c51b4096d\lwjgl-freetype-3.3.3-natives-windows.jar to classpath.
[23:07:25] [main/DEBUG] (FabricLoader/Knot) Adding C:\Users\Loure\.gradle\caches\modules-2\files-2.1\org.lwjgl\lwjgl-freetype\3.3.3\82028265a0a2ff33523ca75137ada7dc176e5210\lwjgl-freetype-3.3.3-natives-windows-arm64.jar to classpath.
[23:07:25] [main/DEBUG] (FabricLoader/Knot) Adding C:\Users\Loure\.gradle\caches\modules-2\files-2.1\org.lwjgl\lwjgl-freetype\3.3.3\15a8c1de7f51d07a92eae7ce1222557073a0c0c3\lwjgl-freetype-3.3.3-natives-windows-x86.jar to classpath.
[23:07:25] [main/DEBUG] (FabricLoader/Knot) Adding C:\Users\Loure\.gradle\caches\modules-2\files-2.1\org.lwjgl\lwjgl-glfw\3.3.3\efa1eb78c5ccd840e9f329717109b5e892d72f8e\lwjgl-glfw-3.3.3.jar to classpath.
[23:07:25] [main/DEBUG] (FabricLoader/Knot) Adding C:\Users\Loure\.gradle\caches\modules-2\files-2.1\org.lwjgl\lwjgl-glfw\3.3.3\e449e28b4891fc423c54c85fbc5bb0b9efece67a\lwjgl-glfw-3.3.3-natives-windows.jar to classpath.
[23:07:25] [main/DEBUG] (FabricLoader/Knot) Adding C:\Users\Loure\.gradle\caches\modules-2\files-2.1\org.lwjgl\lwjgl-glfw\3.3.3\f27018dc74f6289574502b46cce55d52817554e2\lwjgl-glfw-3.3.3-natives-windows-arm64.jar to classpath.
[23:07:25] [main/DEBUG] (FabricLoader/Knot) Adding C:\Users\Loure\.gradle\caches\modules-2\files-2.1\org.lwjgl\lwjgl-glfw\3.3.3\32334f3fd5270a59bad9939a93115acb6de36dcf\lwjgl-glfw-3.3.3-natives-windows-x86.jar to classpath.
[23:07:25] [main/DEBUG] (FabricLoader/Knot) Adding C:\Users\Loure\.gradle\caches\modules-2\files-2.1\org.lwjgl\lwjgl-jemalloc\3.3.3\b543467b7ff3c6920539a88ee602d34098628be5\lwjgl-jemalloc-3.3.3.jar to classpath.
[23:07:25] [main/DEBUG] (FabricLoader/Knot) Adding C:\Users\Loure\.gradle\caches\modules-2\files-2.1\org.lwjgl\lwjgl-jemalloc\3.3.3\426222fc027602a5f21b9c0fe79cde6a4c7a011f\lwjgl-jemalloc-3.3.3-natives-windows.jar to classpath.
[23:07:25] [main/DEBUG] (FabricLoader/Knot) Adding C:\Users\Loure\.gradle\caches\modules-2\files-2.1\org.lwjgl\lwjgl-jemalloc\3.3.3\ba1f3fed0ee4be0217eaa41c5bbfb4b9b1383c33\lwjgl-jemalloc-3.3.3-natives-windows-arm64.jar to classpath.
[23:07:25] [main/DEBUG] (FabricLoader/Knot) Adding C:\Users\Loure\.gradle\caches\modules-2\files-2.1\org.lwjgl\lwjgl-jemalloc\3.3.3\f6063b6e0f23be483c5c88d84ce51b39dc69126c\lwjgl-jemalloc-3.3.3-natives-windows-x86.jar to classpath.
[23:07:25] [main/DEBUG] (FabricLoader/Knot) Adding C:\Users\Loure\.gradle\caches\modules-2\files-2.1\org.lwjgl\lwjgl-openal\3.3.3\daada81ceb5fc0c291fbfdd4433cb8d9423577f2\lwjgl-openal-3.3.3.jar to classpath.
[23:07:25] [main/DEBUG] (FabricLoader/Knot) Adding C:\Users\Loure\.gradle\caches\modules-2\files-2.1\org.lwjgl\lwjgl-openal\3.3.3\cf83862ae95d98496b26915024c7e666d8ab1c8f\lwjgl-openal-3.3.3-natives-windows.jar to classpath.
[23:07:25] [main/DEBUG] (FabricLoader/Knot) Adding C:\Users\Loure\.gradle\caches\modules-2\files-2.1\org.lwjgl\lwjgl-openal\3.3.3\8e0615235116b9e4160dfe87bec90f5f6378bf72\lwjgl-openal-3.3.3-natives-windows-arm64.jar to classpath.
[23:07:25] [main/DEBUG] (FabricLoader/Knot) Adding C:\Users\Loure\.gradle\caches\modules-2\files-2.1\org.lwjgl\lwjgl-openal\3.3.3\87b8d5050e3adb46bb58fe1cb2669a4a48fce10d\lwjgl-openal-3.3.3-natives-windows-x86.jar to classpath.
[23:07:25] [main/DEBUG] (FabricLoader/Knot) Adding C:\Users\Loure\.gradle\caches\modules-2\files-2.1\org.lwjgl\lwjgl-opengl\3.3.3\2f6b0147078396a58979125a4c947664e98293a\lwjgl-opengl-3.3.3.jar to classpath.
[23:07:25] [main/DEBUG] (FabricLoader/Knot) Adding C:\Users\Loure\.gradle\caches\modules-2\files-2.1\org.lwjgl\lwjgl-opengl\3.3.3\e6c1eec8be8a71951b830a4d69efc01c6531900c\lwjgl-opengl-3.3.3-natives-windows.jar to classpath.
[23:07:25] [main/DEBUG] (FabricLoader/Knot) Adding C:\Users\Loure\.gradle\caches\modules-2\files-2.1\org.lwjgl\lwjgl-opengl\3.3.3\65e956d3735a1abdc82eff4baec1b61174697d4b\lwjgl-opengl-3.3.3-natives-windows-arm64.jar to classpath.
[23:07:25] [main/DEBUG] (FabricLoader/Knot) Adding C:\Users\Loure\.gradle\caches\modules-2\files-2.1\org.lwjgl\lwjgl-opengl\3.3.3\d32d833dcaa2f355a886eaf21f0408b5f03241d\lwjgl-opengl-3.3.3-natives-windows-x86.jar to classpath.
[23:07:25] [main/DEBUG] (FabricLoader/Knot) Adding C:\Users\Loure\.gradle\caches\modules-2\files-2.1\org.lwjgl\lwjgl-stb\3.3.3\25dd6161988d7e65f71d5065c99902402ee32746\lwjgl-stb-3.3.3.jar to classpath.
[23:07:25] [main/DEBUG] (FabricLoader/Knot) Adding C:\Users\Loure\.gradle\caches\modules-2\files-2.1\org.lwjgl\lwjgl-stb\3.3.3\1d9facdf6541de114b0f963be33505b7679c78cb\lwjgl-stb-3.3.3-natives-windows.jar to classpath.
[23:07:25] [main/DEBUG] (FabricLoader/Knot) Adding C:\Users\Loure\.gradle\caches\modules-2\files-2.1\org.lwjgl\lwjgl-stb\3.3.3\a584ab44de569708871f0a79561f4d8c37487f2c\lwjgl-stb-3.3.3-natives-windows-arm64.jar to classpath.
[23:07:25] [main/DEBUG] (FabricLoader/Knot) Adding C:\Users\Loure\.gradle\caches\modules-2\files-2.1\org.lwjgl\lwjgl-stb\3.3.3\b5c874687b9aac1a936501d4ed2c49567fd1b575\lwjgl-stb-3.3.3-natives-windows-x86.jar to classpath.
[23:07:25] [main/DEBUG] (FabricLoader/Knot) Adding C:\Users\Loure\.gradle\caches\modules-2\files-2.1\org.lwjgl\lwjgl-tinyfd\3.3.3\82d755ca94b102e9ca77283b9e2dc46d1b15fbe5\lwjgl-tinyfd-3.3.3.jar to classpath.
[23:07:25] [main/DEBUG] (FabricLoader/Knot) Adding C:\Users\Loure\.gradle\caches\modules-2\files-2.1\org.lwjgl\lwjgl-tinyfd\3.3.3\a6697981b0449a5087c1d546fc08b4f73e8f98c9\lwjgl-tinyfd-3.3.3-natives-windows.jar to classpath.
[23:07:25] [main/DEBUG] (FabricLoader/Knot) Adding C:\Users\Loure\.gradle\caches\modules-2\files-2.1\org.lwjgl\lwjgl-tinyfd\3.3.3\a88c494f3006eb91a7433b12a3a55a9a6c20788b\lwjgl-tinyfd-3.3.3-natives-windows-arm64.jar to classpath.
[23:07:25] [main/DEBUG] (FabricLoader/Knot) Adding C:\Users\Loure\.gradle\caches\modules-2\files-2.1\org.lwjgl\lwjgl-tinyfd\3.3.3\c336c84ee88cccb495c6ffa112395509e7378e8a\lwjgl-tinyfd-3.3.3-natives-windows-x86.jar to classpath.
[23:07:25] [main/DEBUG] (FabricLoader/Knot) Adding C:\Users\Loure\.gradle\caches\modules-2\files-2.1\org.lwjgl\lwjgl\3.3.3\29589b5f87ed335a6c7e7ee6a5775f81f97ecb84\lwjgl-3.3.3.jar to classpath.
[23:07:25] [main/DEBUG] (FabricLoader/Knot) Adding C:\Users\Loure\.gradle\caches\modules-2\files-2.1\org.lwjgl\lwjgl\3.3.3\a5ed18a2b82fc91b81f40d717cb1f64c9dcb0540\lwjgl-3.3.3-natives-windows.jar to classpath.
[23:07:25] [main/DEBUG] (FabricLoader/Knot) Adding C:\Users\Loure\.gradle\caches\modules-2\files-2.1\org.lwjgl\lwjgl\3.3.3\e9aca8c5479b520a2a7f0d542a118140e812c5e8\lwjgl-3.3.3-natives-windows-arm64.jar to classpath.
[23:07:25] [main/DEBUG] (FabricLoader/Knot) Adding C:\Users\Loure\.gradle\caches\modules-2\files-2.1\org.lwjgl\lwjgl\3.3.3\9e670718e050aeaeea0c2d5b907cffb142f2e58f\lwjgl-3.3.3-natives-windows-x86.jar to classpath.
[23:07:25] [main/DEBUG] (FabricLoader/Knot) Adding C:\Users\Loure\.gradle\caches\modules-2\files-2.1\org.lz4\lz4-java\1.8.0\4b986a99445e49ea5fbf5d149c4b63f6ed6c6780\lz4-java-1.8.0.jar to classpath.
[23:07:25] [main/DEBUG] (FabricLoader/Knot) Adding C:\Users\Loure\.gradle\caches\modules-2\files-2.1\io.netty\netty-transport-native-epoll\4.1.118.Final\7e6b89e3746acb7cf6f0aad993bbd058fc6d912e\netty-transport-native-epoll-4.1.118.Final-linux-x86_64.jar to classpath.
[23:07:25] [main/DEBUG] (FabricLoader/Knot) Adding C:\Users\Loure\.gradle\caches\modules-2\files-2.1\io.netty\netty-transport-native-epoll\4.1.118.Final\82f94d0a9d837f6b6a580379373310ff7288c0f8\netty-transport-native-epoll-4.1.118.Final-linux-aarch_64.jar to classpath.
[23:07:25] [main/DEBUG] (FabricLoader/Knot) Adding D:\Github\New\MCMod\mod\.gradle\loom-cache\remapped_mods\net_fabricmc_yarn_1_21_7_1_21_7_build_1_v2\net\fabricmc\fabric-api\fabric-command-api-v2\2.2.19+78d798af4f\fabric-command-api-v2-2.2.19+78d798af4f.jar to classpath.
[23:07:25] [main/DEBUG] (FabricLoader/Knot) Adding D:\Github\New\MCMod\mod\.gradle\loom-cache\remapped_mods\net_fabricmc_yarn_1_21_7_1_21_7_build_1_v2\net\fabricmc\fabric-api\fabric-events-lifecycle-v0\0.2.71+df3654b34f\fabric-events-lifecycle-v0-0.2.71+df3654b34f.jar to classpath.
[23:07:25] [main/DEBUG] (FabricLoader/Knot) Adding D:\Github\New\MCMod\mod\.gradle\loom-cache\remapped_mods\net_fabricmc_yarn_1_21_7_1_21_7_build_1_v2\net\fabricmc\fabric-api\fabric-object-builder-api-v1\13.0.7+78d798af4f\fabric-object-builder-api-v1-13.0.7+78d798af4f.jar to classpath.
[23:07:25] [main/DEBUG] (FabricLoader/Knot) Adding D:\Github\New\MCMod\mod\.gradle\loom-cache\remapped_mods\net_fabricmc_yarn_1_21_7_1_21_7_build_1_v2\net\fabricmc\fabric-api\fabric-entity-events-v1\1.5.28+4ced05924f\fabric-entity-events-v1-1.5.28+4ced05924f.jar to classpath.
[23:07:25] [main/DEBUG] (FabricLoader/Knot) Adding D:\Github\New\MCMod\mod\.gradle\loom-cache\remapped_mods\net_fabricmc_yarn_1_21_7_1_21_7_build_1_v2\net\fabricmc\fabric-api\fabric-events-interaction-v0\0.6.14+78d798af4f\fabric-events-interaction-v0-0.6.14+78d798af4f.jar to classpath.
[23:07:25] [main/DEBUG] (FabricLoader/Knot) Adding D:\Github\New\MCMod\mod\.gradle\loom-cache\remapped_mods\net_fabricmc_yarn_1_21_7_1_21_7_build_1_v2\net\fabricmc\fabric-api\fabric-content-registries-v0\5.0.9+78d798af4f\fabric-content-registries-v0-5.0.9+78d798af4f.jar to classpath.
[23:07:25] [main/DEBUG] (FabricLoader/Knot) Adding D:\Github\New\MCMod\mod\.gradle\loom-cache\remapped_mods\net_fabricmc_yarn_1_21_7_1_21_7_build_1_v2\net\fabricmc\fabric-api\fabric-registry-sync-v0\4.0.13+78d798af4f\fabric-registry-sync-v0-4.0.13+78d798af4f.jar to classpath.
[23:07:25] [main/DEBUG] (FabricLoader/Knot) Adding D:\Github\New\MCMod\mod\.gradle\loom-cache\remapped_mods\net_fabricmc_yarn_1_21_7_1_21_7_build_1_v2\net\fabricmc\fabric-api\fabric-lifecycle-events-v1\2.2.29+78d798af4f\fabric-lifecycle-events-v1-2.2.29+78d798af4f.jar to classpath.
[23:07:25] [main/DEBUG] (FabricLoader/Knot) Adding D:\Github\New\MCMod\mod\.gradle\loom-cache\remapped_mods\net_fabricmc_yarn_1_21_7_1_21_7_build_1_v2\net\fabricmc\fabric-api\fabric-item-api-v1\2.1.34+78d798af4f\fabric-item-api-v1-2.1.34+78d798af4f.jar to classpath.
[23:07:25] [main/DEBUG] (FabricLoader/Knot) Adding D:\Github\New\MCMod\mod\.gradle\loom-cache\remapped_mods\net_fabricmc_yarn_1_21_7_1_21_7_build_1_v2\net\fabricmc\fabric-api\fabric-networking-api-v1\3.1.2+78d798af4f\fabric-networking-api-v1-3.1.2+78d798af4f.jar to classpath.
[23:07:25] [main/DEBUG] (FabricLoader/Knot) Adding D:\Github\New\MCMod\mod\.gradle\loom-cache\remapped_mods\net_fabricmc_yarn_1_21_7_1_21_7_build_1_v2\net\fabricmc\fabric-api\fabric-api-base\0.4.35+78d798af4f\fabric-api-base-0.4.35+78d798af4f.jar to classpath.
[23:07:25] [main/DEBUG] (FabricLoader/Knot) Adding D:\Github\New\MCMod\mod\.gradle\loom-cache\remapped_mods\net_fabricmc_yarn_1_21_7_1_21_7_build_1_v2\net\fabricmc\fabric-api\fabric-sound-api-v1\1.0.16+78d798af4f\fabric-sound-api-v1-1.0.16+78d798af4f.jar to classpath.
[23:07:25] [main/DEBUG] (FabricLoader/Knot) Adding D:\Github\New\MCMod\mod\.gradle\loom-cache\remapped_mods\net_fabricmc_yarn_1_21_7_1_21_7_build_1_v2\net\fabricmc\fabric-api\fabric-resource-loader-v0\0.11.15+78d798af4f\fabric-resource-loader-v0-0.11.15+78d798af4f.jar to classpath.
[23:07:25] [main/DEBUG] (FabricLoader/Knot) Adding C:\Users\Loure\.gradle\caches\modules-2\files-2.1\org.jline\jline-reader\3.20.0\8f15415b022a25b473e8e16c28ae913186ffb9c4\jline-reader-3.20.0.jar to classpath.
[23:07:25] [main/DEBUG] (FabricLoader/Knot) Adding C:\Users\Loure\.gradle\caches\modules-2\files-2.1\org.jline\jline-terminal\3.20.0\d0ddcc708ddf527a3454c941b7b9225cc83a15ff\jline-terminal-3.20.0.jar to classpath.
[23:07:25] [main/DEBUG] (FabricLoader/Entrypoint) No subscribers for entrypoint 'preLaunch'
[23:07:25] [main/DEBUG] (FabricLoader/Mixin) Preparing mixins for MixinEnvironment[DEFAULT]
[23:07:25] [main/DEBUG] (FabricLoader/Mixin) Selecting config fabric-object-builder-v1.mixins.json
[23:07:25] [main/DEBUG] (FabricLoader/Mixin) Remapping refMap fabric-object-builder-api-v1-refmap.json using remapper chain
[23:07:25] [main/DEBUG] (FabricLoader/Mixin) Selecting config fabric-object-builder-v1.client.mixins.json
[23:07:25] [main/DEBUG] (FabricLoader/Mixin) Remapping refMap client-fabric-object-builder-api-v1-refmap.json using remapper chain
[23:07:25] [main/DEBUG] (FabricLoader/Mixin) Selecting config fabric-entity-events-v1.mixins.json
[23:07:25] [main/DEBUG] (FabricLoader/Mixin) Remapping refMap fabric-entity-events-v1-refmap.json using remapper chain
[23:07:25] [main/DEBUG] (FabricLoader/Mixin) Selecting config fabric-entity-events-v1.client.mixins.json
[23:07:25] [main/DEBUG] (FabricLoader/Mixin) Remapping refMap client-fabric-entity-events-v1-refmap.json using remapper chain
[23:07:25] [main/DEBUG] (FabricLoader/Mixin) Selecting config mcmod.mixins.json
[23:07:25] [main/DEBUG] (FabricLoader/Mixin) Selecting config fabric-command-api-v2.mixins.json
[23:07:25] [main/DEBUG] (FabricLoader/Mixin) Remapping refMap fabric-command-api-v2-refmap.json using remapper chain
[23:07:25] [main/DEBUG] (FabricLoader/Mixin) Selecting config fabric-command-api-v2.client.mixins.json
[23:07:25] [main/DEBUG] (FabricLoader/Mixin) Remapping refMap client-fabric-command-api-v2-refmap.json using remapper chain
[23:07:25] [main/DEBUG] (FabricLoader/Mixin) Selecting config fabric-events-interaction-v0.mixins.json
[23:07:25] [main/DEBUG] (FabricLoader/Mixin) Remapping refMap fabric-events-interaction-v0-refmap.json using remapper chain
[23:07:25] [main/DEBUG] (FabricLoader/Mixin) Selecting config fabric-events-interaction-v0.client.mixins.json
[23:07:25] [main/DEBUG] (FabricLoader/Mixin) Remapping refMap client-fabric-events-interaction-v0-refmap.json using remapper chain
[23:07:25] [main/DEBUG] (FabricLoader/Mixin) Selecting config fabric-item-api-v1.mixins.json
[23:07:25] [main/DEBUG] (FabricLoader/Mixin) Remapping refMap fabric-item-api-v1-refmap.json using remapper chain
[23:07:25] [main/DEBUG] (FabricLoader/Mixin) Selecting config fabric-item-api-v1.client.mixins.json
[23:07:25] [main/DEBUG] (FabricLoader/Mixin) Remapping refMap client-fabric-item-api-v1-refmap.json using remapper chain
[23:07:25] [main/DEBUG] (FabricLoader/Mixin) Selecting config fabric-lifecycle-events-v1.mixins.json
[23:07:25] [main/DEBUG] (FabricLoader/Mixin) Remapping refMap fabric-lifecycle-events-v1-refmap.json using remapper chain
[23:07:25] [main/DEBUG] (FabricLoader/Mixin) Selecting config fabric-lifecycle-events-v1.client.mixins.json
[23:07:25] [main/DEBUG] (FabricLoader/Mixin) Remapping refMap client-fabric-lifecycle-events-v1-refmap.json using remapper chain
[23:07:25] [main/DEBUG] (FabricLoader/Mixin) Selecting config fabric-registry-sync-v0.mixins.json
[23:07:25] [main/DEBUG] (FabricLoader/Mixin) Remapping refMap fabric-registry-sync-v0-refmap.json using remapper chain
[23:07:25] [main/DEBUG] (FabricLoader/Mixin) Selecting config fabric-registry-sync-v0.client.mixins.json
[23:07:25] [main/DEBUG] (FabricLoader/Mixin) Remapping refMap client-fabric-registry-sync-v0-refmap.json using remapper chain
[23:07:25] [main/DEBUG] (FabricLoader/Mixin) Selecting config fabric-resource-loader-v0.mixins.json
[23:07:25] [main/DEBUG] (FabricLoader/Mixin) Remapping refMap fabric-resource-loader-v0-refmap.json using remapper chain
[23:07:25] [main/DEBUG] (FabricLoader/Mixin) Selecting config fabric-resource-loader-v0.client.mixins.json
[23:07:25] [main/DEBUG] (FabricLoader/Mixin) Remapping refMap client-fabric-resource-loader-v0-refmap.json using remapper chain
[23:07:25] [main/DEBUG] (FabricLoader/Mixin) Selecting config fabric-sound-api-v1.mixins.json
[23:07:25] [main/DEBUG] (FabricLoader/Mixin) Remapping refMap client-fabric-sound-api-v1-refmap.json using remapper chain
[23:07:25] [main/DEBUG] (FabricLoader/Mixin) Selecting config mixinextras.init.mixins.json
[23:07:25] [main/DEBUG] (FabricLoader/MixinExtras|Service) com.llamalad7.mixinextras.service.MixinExtrasServiceImpl(version=0.3.5) is taking over from null
[23:07:25] [main/DEBUG] (FabricLoader/Mixin) Registering new injector for @Inject with org.spongepowered.asm.mixin.injection.struct.CallbackInjectionInfo
[23:07:25] [main/DEBUG] (FabricLoader/Mixin) Registering new injector for @ModifyArg with org.spongepowered.asm.mixin.injection.struct.ModifyArgInjectionInfo
[23:07:25] [main/DEBUG] (FabricLoader/Mixin) Registering new injector for @ModifyArgs with org.spongepowered.asm.mixin.injection.struct.ModifyArgsInjectionInfo
[23:07:25] [main/DEBUG] (FabricLoader/Mixin) Registering new injector for @Redirect with org.spongepowered.asm.mixin.injection.struct.RedirectInjectionInfo
[23:07:25] [main/DEBUG] (FabricLoader/Mixin) Registering new injector for @ModifyVariable with org.spongepowered.asm.mixin.injection.struct.ModifyVariableInjectionInfo
[23:07:25] [main/DEBUG] (FabricLoader/Mixin) Registering new injector for @ModifyConstant with org.spongepowered.asm.mixin.injection.struct.ModifyConstantInjectionInfo
[23:07:25] [main/DEBUG] (FabricLoader/Mixin) Selecting config fabric-content-registries-v0.mixins.json
[23:07:25] [main/DEBUG] (FabricLoader/Mixin) Remapping refMap fabric-content-registries-v0-refmap.json using remapper chain
[23:07:25] [main/DEBUG] (FabricLoader/Mixin) Selecting config fabric-networking-api-v1.mixins.json
[23:07:25] [main/DEBUG] (FabricLoader/Mixin) Remapping refMap fabric-networking-api-v1-refmap.json using remapper chain
[23:07:25] [main/DEBUG] (FabricLoader/Mixin) Selecting config fabric-networking-api-v1.client.mixins.json
[23:07:25] [main/DEBUG] (FabricLoader/Mixin) Remapping refMap client-fabric-networking-api-v1-refmap.json using remapper chain
[23:07:25] [main/DEBUG] (FabricLoader/Mixin) Preparing fabric-object-builder-v1.mixins.json (7)
[23:07:25] [main/DEBUG] (FabricLoader/Mixin) Preparing fabric-object-builder-v1.client.mixins.json (5)
[23:07:25] [main/WARN] (FabricLoader/Mixin) Error loading class: net/minecraft/class_5272 (java.lang.ClassNotFoundException: net/minecraft/class_5272)
[23:07:25] [main/WARN] (FabricLoader/Mixin) @Mixin target net.minecraft.class_5272 was not found fabric-object-builder-v1.client.mixins.json:ModelPredicateProviderRegistryAccessor from mod fabric-object-builder-api-v1
[23:07:25] [main/WARN] (FabricLoader/Mixin) Error loading class: net/minecraft/class_5272 (java.lang.ClassNotFoundException: net/minecraft/class_5272)
[23:07:25] [main/WARN] (FabricLoader/Mixin) @Mixin target net.minecraft.class_5272 was not found fabric-object-builder-v1.client.mixins.json:ModelPredicateProviderRegistrySpecificAccessor from mod fabric-object-builder-api-v1
[23:07:25] [main/DEBUG] (FabricLoader/Mixin) Preparing fabric-entity-events-v1.mixins.json (7)
[23:07:25] [main/DEBUG] (FabricLoader/Mixin) Preparing fabric-entity-events-v1.client.mixins.json (1)
[23:07:25] [main/DEBUG] (FabricLoader/Mixin) Preparing mcmod.mixins.json (0)
[23:07:25] [main/DEBUG] (FabricLoader/Mixin) Preparing fabric-command-api-v2.mixins.json (5)
[23:07:25] [main/DEBUG] (FabricLoader/Mixin) Preparing fabric-command-api-v2.client.mixins.json (2)
[23:07:25] [main/DEBUG] (FabricLoader/Mixin) Preparing fabric-events-interaction-v0.mixins.json (4)
[23:07:25] [main/DEBUG] (FabricLoader/Mixin) @Mixin target net/minecraft/server/network/ServerPlayNetworkHandler$1 is public in fabric-events-interaction-v0.mixins.json:ServerPlayNetworkHandlerMixin from mod fabric-events-interaction-v0 and should be specified in value
[23:07:25] [main/DEBUG] (FabricLoader/Mixin) Preparing fabric-events-interaction-v0.client.mixins.json (3)
[23:07:25] [main/DEBUG] (FabricLoader/Mixin) Preparing fabric-item-api-v1.mixins.json (7)
[23:07:25] [main/WARN] (FabricLoader/Mixin) Error loading class: net/minecraft/class_1738 (java.lang.ClassNotFoundException: net/minecraft/class_1738)
[23:07:25] [main/WARN] (FabricLoader/Mixin) @Mixin target net.minecraft.class_1738 was not found fabric-item-api-v1.mixins.json:ArmorItemMixin from mod fabric-item-api-v1
[23:07:25] [main/DEBUG] (FabricLoader/Mixin) Preparing fabric-item-api-v1.client.mixins.json (3)
[23:07:25] [main/DEBUG] (FabricLoader/Mixin) Preparing fabric-lifecycle-events-v1.mixins.json (9)
[23:07:25] [main/DEBUG] (FabricLoader/Mixin) @Mixin target net/minecraft/server/world/ServerWorld$ServerEntityHandler is public in fabric-lifecycle-events-v1.mixins.json:ServerWorldServerEntityHandlerMixin from mod fabric-lifecycle-events-v1 and should be specified in value
[23:07:25] [main/DEBUG] (FabricLoader/Mixin) Preparing fabric-lifecycle-events-v1.client.mixins.json (6)
[23:07:25] [main/DEBUG] (FabricLoader/Mixin) @Mixin target net/minecraft/client/world/ClientWorld$ClientEntityHandler is public in fabric-lifecycle-events-v1.client.mixins.json:ClientWorldClientEntityHandlerMixin from mod fabric-lifecycle-events-v1 and should be specified in value
[23:07:25] [main/DEBUG] (FabricLoader/Mixin) Preparing fabric-registry-sync-v0.mixins.json (13)
[23:07:25] [main/WARN] (FabricLoader/Mixin) Error loading class: net/minecraft/class_3505 (java.lang.ClassNotFoundException: net/minecraft/class_3505)
[23:07:25] [main/WARN] (FabricLoader/Mixin) @Mixin target net.minecraft.class_3505 was not found fabric-registry-sync-v0.mixins.json:TagManagerLoaderMixin from mod fabric-registry-sync-v0
[23:07:25] [main/DEBUG] (FabricLoader/Mixin) Preparing fabric-registry-sync-v0.client.mixins.json (5)
[23:07:25] [main/WARN] (FabricLoader/Mixin) Error loading class: net/minecraft/class_325 (java.lang.ClassNotFoundException: net/minecraft/class_325)
[23:07:25] [main/WARN] (FabricLoader/Mixin) @Mixin target net.minecraft.class_325 was not found fabric-registry-sync-v0.client.mixins.json:ItemColorsMixin from mod fabric-registry-sync-v0
[23:07:25] [main/WARN] (FabricLoader/Mixin) Error loading class: net/minecraft/class_763 (java.lang.ClassNotFoundException: net/minecraft/class_763)
[23:07:25] [main/WARN] (FabricLoader/Mixin) @Mixin target net.minecraft.class_763 was not found fabric-registry-sync-v0.client.mixins.json:ItemModelsMixin from mod fabric-registry-sync-v0
[23:07:25] [main/DEBUG] (FabricLoader/Mixin) Preparing fabric-resource-loader-v0.mixins.json (12)
[23:07:25] [main/WARN] (FabricLoader/Mixin) Error loading class: net/minecraft/class_60 (java.lang.ClassNotFoundException: net/minecraft/class_60)
[23:07:25] [main/WARN] (FabricLoader/Mixin) @Mixin target net.minecraft.class_60 was not found fabric-resource-loader-v0.mixins.json:KeyedResourceReloadListenerMixin from mod fabric-resource-loader-v0
[23:07:25] [main/WARN] (FabricLoader/Mixin) Error loading class: net/minecraft/class_3505 (java.lang.ClassNotFoundException: net/minecraft/class_3505)
[23:07:25] [main/WARN] (FabricLoader/Mixin) @Mixin target net.minecraft.class_3505 was not found fabric-resource-loader-v0.mixins.json:KeyedResourceReloadListenerMixin from mod fabric-resource-loader-v0
[23:07:25] [main/DEBUG] (FabricLoader/Mixin) Preparing fabric-resource-loader-v0.client.mixins.json (6)
[23:07:25] [main/DEBUG] (FabricLoader/Mixin) Preparing fabric-sound-api-v1.mixins.json (2)
[23:07:25] [main/DEBUG] (FabricLoader/Mixin) Preparing mixinextras.init.mixins.json (0)
[23:07:25] [main/DEBUG] (FabricLoader/Mixin) Preparing fabric-content-registries-v0.mixins.json (11)
[23:07:25] [main/DEBUG] (FabricLoader/Mixin) Preparing fabric-networking-api-v1.mixins.json (17)
[23:07:25] [main/WARN] (FabricLoader/Mixin) Error loading class: net/minecraft/class_2539$class_4532 (java.lang.ClassNotFoundException: net/minecraft/class_2539$class_4532)
[23:07:25] [main/WARN] (FabricLoader/Mixin) @Mixin target net/minecraft/class_2539$class_4532 was not found fabric-networking-api-v1.mixins.json:NetworkStateInternalPacketHandlerMixin from mod fabric-networking-api-v1
[23:07:25] [main/DEBUG] (FabricLoader/Mixin) @Mixin target net/minecraft/server/world/ServerChunkLoadingManager$EntityTracker is public in fabric-networking-api-v1.mixins.json:accessor.EntityTrackerAccessor from mod fabric-networking-api-v1 and should be specified in value
[23:07:25] [main/DEBUG] (FabricLoader/Mixin) Preparing fabric-networking-api-v1.client.mixins.json (9)
[23:07:25] [main/WARN] (FabricLoader/Mixin) Error loading class: net/minecraft/class_7157$class_7870 (java.lang.ClassNotFoundException: net/minecraft/class_7157$class_7870)
[23:07:25] [main/WARN] (FabricLoader/Mixin) Error loading class: net/minecraft/class_60 (java.lang.ClassNotFoundException: net/minecraft/class_60)
[23:07:25] [main/WARN] (FabricLoader/Mixin) Error loading class: net/minecraft/class_3505 (java.lang.ClassNotFoundException: net/minecraft/class_3505)
[23:07:25] [main/WARN] (FabricLoader/Mixin) Error loading class: net/minecraft/class_60 (java.lang.ClassNotFoundException: net/minecraft/class_60)
[23:07:25] [main/WARN] (FabricLoader/Mixin) Error loading class: net/minecraft/class_3505 (java.lang.ClassNotFoundException: net/minecraft/class_3505)
[23:07:25] [main/DEBUG] (FabricLoader/Mixin) Inner class net/fabricmc/fabric/mixin/resource/loader/client/DefaultClientResourcePackProviderMixin$1 in net/fabricmc/fabric/mixin/resource/loader/client/DefaultClientResourcePackProviderMixin on net/minecraft/client/resource/DefaultClientResourcePackProvider gets unique name net/minecraft/client/resource/DefaultClientResourcePackProvider$Anonymous$fb031391d63746e8b0c7e22a92f4239c
[23:07:25] [main/DEBUG] (FabricLoader/Mixin) Prepared 125 mixins in 0.357 sec (2.9ms avg) (0ms load, 0ms transform, 0ms plugin)
[23:07:26] [main/DEBUG] (io.netty.util.internal.logging.InternalLoggerFactory) Using SLF4J as the default logging framework
[23:07:26] [main/DEBUG] (io.netty.util.ResourceLeakDetector) -Dio.netty.leakDetection.level: simple
[23:07:26] [main/DEBUG] (io.netty.util.ResourceLeakDetector) -Dio.netty.leakDetection.targetRecords: 4
[23:07:26] [main/INFO] (FabricLoader/MixinExtras|Service) Initializing MixinExtras via com.llamalad7.mixinextras.service.MixinExtrasServiceImpl(version=0.3.5).
[23:07:26] [main/DEBUG] (FabricLoader/Mixin) Registering new injector for @SugarWrapper with com.llamalad7.mixinextras.sugar.impl.SugarWrapperInjectionInfo
[23:07:26] [main/DEBUG] (FabricLoader/Mixin) Registering new injector for @FactoryRedirectWrapper with com.llamalad7.mixinextras.wrapper.factory.FactoryRedirectWrapperInjectionInfo
[23:07:26] [main/DEBUG] (FabricLoader/Mixin) Mixing StructuresToConfiguredStructuresFixMixin from fabric-registry-sync-v0.mixins.json into net.minecraft.datafixer.fix.StructuresToConfiguredStructuresFix
[23:07:26] [main/ERROR] (FabricLoader/Mixin) Mixin apply for mod fabric-registry-sync-v0 failed fabric-registry-sync-v0.mixins.json:StructuresToConfiguredStructuresFixMixin from mod fabric-registry-sync-v0 -> net.minecraft.datafixer.fix.StructuresToConfiguredStructuresFix: org.spongepowered.asm.mixin.injection.throwables.InvalidInjectionException Critical injection failure: @Inject annotation on method_41022 could not find any targets matching 'Lnet/minecraft/datafixer/fix/StructuresToConfiguredStructuresFix;method_41022(Lcom/mojang/datafixers/util/Pair;Lcom/mojang/serialization/Dynamic;)Lcom/mojang/serialization/Dynamic;' in net.minecraft.datafixer.fix.StructuresToConfiguredStructuresFix. Using refmap fabric-registry-sync-v0-refmap.json [PREINJECT Applicator Phase -> fabric-registry-sync-v0.mixins.json:StructuresToConfiguredStructuresFixMixin from mod fabric-registry-sync-v0 -> Prepare Injections ->  -> handler$zdf000$fabric-registry-sync-v0$method_41022(Lcom/mojang/datafixers/util/Pair;Lcom/mojang/serialization/Dynamic;Lorg/spongepowered/asm/mixin/injection/callback/CallbackInfoReturnable;)V -> Parse]
org.spongepowered.asm.mixin.injection.throwables.InvalidInjectionException: Critical injection failure: @Inject annotation on method_41022 could not find any targets matching 'Lnet/minecraft/datafixer/fix/StructuresToConfiguredStructuresFix;method_41022(Lcom/mojang/datafixers/util/Pair;Lcom/mojang/serialization/Dynamic;)Lcom/mojang/serialization/Dynamic;' in net.minecraft.datafixer.fix.StructuresToConfiguredStructuresFix. Using refmap fabric-registry-sync-v0-refmap.json [PREINJECT Applicator Phase -> fabric-registry-sync-v0.mixins.json:StructuresToConfiguredStructuresFixMixin from mod fabric-registry-sync-v0 -> Prepare Injections ->  -> handler$zdf000$fabric-registry-sync-v0$method_41022(Lcom/mojang/datafixers/util/Pair;Lcom/mojang/serialization/Dynamic;Lorg/spongepowered/asm/mixin/injection/callback/CallbackInfoReturnable;)V -> Parse]
	at org.spongepowered.asm.mixin.injection.struct.InjectionInfo.validateTargets(InjectionInfo.java:656) ~[sponge-mixin-0.12.5+mixin.0.8.5.jar:0.12.5+mixin.0.8.5]
	at org.spongepowered.asm.mixin.injection.struct.InjectionInfo.findTargets(InjectionInfo.java:587) ~[sponge-mixin-0.12.5+mixin.0.8.5.jar:0.12.5+mixin.0.8.5]
	at org.spongepowered.asm.mixin.injection.struct.InjectionInfo.readAnnotation(InjectionInfo.java:330) ~[sponge-mixin-0.12.5+mixin.0.8.5.jar:0.12.5+mixin.0.8.5]
	at org.spongepowered.asm.mixin.injection.struct.InjectionInfo.<init>(InjectionInfo.java:316) ~[sponge-mixin-0.12.5+mixin.0.8.5.jar:0.12.5+mixin.0.8.5]
	at org.spongepowered.asm.mixin.injection.struct.InjectionInfo.<init>(InjectionInfo.java:308) ~[sponge-mixin-0.12.5+mixin.0.8.5.jar:0.12.5+mixin.0.8.5]
	at org.spongepowered.asm.mixin.injection.struct.CallbackInjectionInfo.<init>(CallbackInjectionInfo.java:46) ~[sponge-mixin-0.12.5+mixin.0.8.5.jar:0.12.5+mixin.0.8.5]
	at java.base/jdk.internal.reflect.DirectConstructorHandleAccessor.newInstance(DirectConstructorHandleAccessor.java:62) ~[?:?]
	at java.base/java.lang.reflect.Constructor.newInstanceWithCaller(Constructor.java:502) ~[?:?]
	at java.base/java.lang.reflect.Constructor.newInstance(Constructor.java:486) ~[?:?]
	at org.spongepowered.asm.mixin.injection.struct.InjectionInfo$InjectorEntry.create(InjectionInfo.java:149) ~[sponge-mixin-0.12.5+mixin.0.8.5.jar:0.12.5+mixin.0.8.5]
	at org.spongepowered.asm.mixin.injection.struct.InjectionInfo.parse(InjectionInfo.java:708) ~[sponge-mixin-0.12.5+mixin.0.8.5.jar:0.12.5+mixin.0.8.5]
	at org.spongepowered.asm.mixin.transformer.MixinTargetContext.prepareInjections(MixinTargetContext.java:1329) ~[sponge-mixin-0.12.5+mixin.0.8.5.jar:0.12.5+mixin.0.8.5]
	at org.spongepowered.asm.mixin.transformer.MixinApplicatorStandard.prepareInjections(MixinApplicatorStandard.java:1053) ~[sponge-mixin-0.12.5+mixin.0.8.5.jar:0.12.5+mixin.0.8.5]
	at org.spongepowered.asm.mixin.transformer.MixinApplicatorStandard.applyMixin(MixinApplicatorStandard.java:395) ~[sponge-mixin-0.12.5+mixin.0.8.5.jar:0.12.5+mixin.0.8.5]
	at org.spongepowered.asm.mixin.transformer.MixinApplicatorStandard.apply(MixinApplicatorStandard.java:327) ~[sponge-mixin-0.12.5+mixin.0.8.5.jar:0.12.5+mixin.0.8.5]
	at org.spongepowered.asm.mixin.transformer.TargetClassContext.apply(TargetClassContext.java:421) ~[sponge-mixin-0.12.5+mixin.0.8.5.jar:0.12.5+mixin.0.8.5]
	at org.spongepowered.asm.mixin.transformer.TargetClassContext.applyMixins(TargetClassContext.java:403) ~[sponge-mixin-0.12.5+mixin.0.8.5.jar:0.12.5+mixin.0.8.5]
	at org.spongepowered.asm.mixin.transformer.MixinProcessor.applyMixins(MixinProcessor.java:363) [sponge-mixin-0.12.5+mixin.0.8.5.jar:0.12.5+mixin.0.8.5]
	at org.spongepowered.asm.mixin.transformer.MixinTransformer.transformClass(MixinTransformer.java:234) [sponge-mixin-0.12.5+mixin.0.8.5.jar:0.12.5+mixin.0.8.5]
	at org.spongepowered.asm.mixin.transformer.MixinTransformer.transformClassBytes(MixinTransformer.java:202) [sponge-mixin-0.12.5+mixin.0.8.5.jar:0.12.5+mixin.0.8.5]
	at net.fabricmc.loader.impl.launch.knot.KnotClassDelegate.getPostMixinClassByteArray(KnotClassDelegate.java:422) [fabric-loader-0.15.7.jar:?]
	at net.fabricmc.loader.impl.launch.knot.KnotClassDelegate.tryLoadClass(KnotClassDelegate.java:323) [fabric-loader-0.15.7.jar:?]
	at net.fabricmc.loader.impl.launch.knot.KnotClassDelegate.loadClass(KnotClassDelegate.java:218) [fabric-loader-0.15.7.jar:?]
	at net.fabricmc.loader.impl.launch.knot.KnotClassLoader.loadClass(KnotClassLoader.java:119) [fabric-loader-0.15.7.jar:?]
	at java.base/java.lang.ClassLoader.loadClass(ClassLoader.java:526) [?:?]
	at net.minecraft.client.main.Main.main(Main.java:135) [minecraft-merged-1e85820872-1.21.7-net.fabricmc.yarn.1_21_7.1.21.7+build.1-v2.jar:?]
	at net.fabricmc.loader.impl.game.minecraft.MinecraftGameProvider.launch(MinecraftGameProvider.java:470) [fabric-loader-0.15.7.jar:?]
	at net.fabricmc.loader.impl.launch.knot.Knot.launch(Knot.java:74) [fabric-loader-0.15.7.jar:?]
	at net.fabricmc.loader.impl.launch.knot.KnotClient.main(KnotClient.java:23) [fabric-loader-0.15.7.jar:?]
	at net.fabricmc.devlaunchinjector.Main.main(Main.java:86) [dev-launch-injector-0.2.1+build.8.jar:?]
[23:07:27] [main/DEBUG] (FabricLoader/Mixin) Mixing MinecraftClientMixin from fabric-events-interaction-v0.client.mixins.json into net.minecraft.client.MinecraftClient
[23:07:27] [main/ERROR] (FabricLoader/Mixin) Mixin apply for mod fabric-events-interaction-v0 failed fabric-events-interaction-v0.client.mixins.json:MinecraftClientMixin from mod fabric-events-interaction-v0 -> net.minecraft.client.MinecraftClient: org.spongepowered.asm.mixin.transformer.throwables.InvalidMixinException @Shadow method method_1499 in fabric-events-interaction-v0.client.mixins.json:MinecraftClientMixin from mod fabric-events-interaction-v0 was not located in the target class net.minecraft.client.MinecraftClient. Using refmap client-fabric-events-interaction-v0-refmap.json
org.spongepowered.asm.mixin.transformer.throwables.InvalidMixinException: @Shadow method method_1499 in fabric-events-interaction-v0.client.mixins.json:MinecraftClientMixin from mod fabric-events-interaction-v0 was not located in the target class net.minecraft.client.MinecraftClient. Using refmap client-fabric-events-interaction-v0-refmap.json
	at org.spongepowered.asm.mixin.transformer.MixinPreProcessorStandard.attachSpecialMethod(MixinPreProcessorStandard.java:436) ~[sponge-mixin-0.12.5+mixin.0.8.5.jar:0.12.5+mixin.0.8.5]
	at org.spongepowered.asm.mixin.transformer.MixinPreProcessorStandard.attachShadowMethod(MixinPreProcessorStandard.java:412) ~[sponge-mixin-0.12.5+mixin.0.8.5.jar:0.12.5+mixin.0.8.5]
	at org.spongepowered.asm.mixin.transformer.MixinPreProcessorStandard.attachMethods(MixinPreProcessorStandard.java:340) ~[sponge-mixin-0.12.5+mixin.0.8.5.jar:0.12.5+mixin.0.8.5]
	at org.spongepowered.asm.mixin.transformer.MixinPreProcessorStandard.attach(MixinPreProcessorStandard.java:299) ~[sponge-mixin-0.12.5+mixin.0.8.5.jar:0.12.5+mixin.0.8.5]
	at org.spongepowered.asm.mixin.transformer.MixinPreProcessorStandard.createContextFor(MixinPreProcessorStandard.java:277) ~[sponge-mixin-0.12.5+mixin.0.8.5.jar:0.12.5+mixin.0.8.5]
	at org.spongepowered.asm.mixin.transformer.MixinInfo.createContextFor(MixinInfo.java:1289) ~[sponge-mixin-0.12.5+mixin.0.8.5.jar:0.12.5+mixin.0.8.5]
	at org.spongepowered.asm.mixin.transformer.MixinApplicatorStandard.apply(MixinApplicatorStandard.java:294) ~[sponge-mixin-0.12.5+mixin.0.8.5.jar:0.12.5+mixin.0.8.5]
	at org.spongepowered.asm.mixin.transformer.TargetClassContext.apply(TargetClassContext.java:421) ~[sponge-mixin-0.12.5+mixin.0.8.5.jar:0.12.5+mixin.0.8.5]
	at org.spongepowered.asm.mixin.transformer.TargetClassContext.applyMixins(TargetClassContext.java:403) ~[sponge-mixin-0.12.5+mixin.0.8.5.jar:0.12.5+mixin.0.8.5]
	at org.spongepowered.asm.mixin.transformer.MixinProcessor.applyMixins(MixinProcessor.java:363) [sponge-mixin-0.12.5+mixin.0.8.5.jar:0.12.5+mixin.0.8.5]
	at org.spongepowered.asm.mixin.transformer.MixinTransformer.transformClass(MixinTransformer.java:234) [sponge-mixin-0.12.5+mixin.0.8.5.jar:0.12.5+mixin.0.8.5]
	at org.spongepowered.asm.mixin.transformer.MixinTransformer.transformClassBytes(MixinTransformer.java:202) [sponge-mixin-0.12.5+mixin.0.8.5.jar:0.12.5+mixin.0.8.5]
	at net.fabricmc.loader.impl.launch.knot.KnotClassDelegate.getPostMixinClassByteArray(KnotClassDelegate.java:422) [fabric-loader-0.15.7.jar:?]
	at net.fabricmc.loader.impl.launch.knot.KnotClassDelegate.tryLoadClass(KnotClassDelegate.java:323) [fabric-loader-0.15.7.jar:?]
	at net.fabricmc.loader.impl.launch.knot.KnotClassDelegate.loadClass(KnotClassDelegate.java:218) [fabric-loader-0.15.7.jar:?]
	at net.fabricmc.loader.impl.launch.knot.KnotClassLoader.loadClass(KnotClassLoader.java:119) [fabric-loader-0.15.7.jar:?]
	at java.base/java.lang.ClassLoader.loadClass(ClassLoader.java:526) [?:?]
	at net.minecraft.client.main.Main.main(Main.java:222) [minecraft-merged-1e85820872-1.21.7-net.fabricmc.yarn.1_21_7.1.21.7+build.1-v2.jar:?]
	at net.fabricmc.loader.impl.game.minecraft.MinecraftGameProvider.launch(MinecraftGameProvider.java:470) [fabric-loader-0.15.7.jar:?]
	at net.fabricmc.loader.impl.launch.knot.Knot.launch(Knot.java:74) [fabric-loader-0.15.7.jar:?]
	at net.fabricmc.loader.impl.launch.knot.KnotClient.main(KnotClient.java:23) [fabric-loader-0.15.7.jar:?]
	at net.fabricmc.devlaunchinjector.Main.main(Main.java:86) [dev-launch-injector-0.2.1+build.8.jar:?]
[23:07:27] [main/ERROR] (FabricLoader) Minecraft has crashed!
net.fabricmc.loader.impl.FormattedException: java.lang.RuntimeException: Mixin transformation of net.minecraft.client.MinecraftClient failed
	at net.fabricmc.loader.impl.FormattedException.ofLocalized(FormattedException.java:63) ~[fabric-loader-0.15.7.jar:?]
	at net.fabricmc.loader.impl.game.minecraft.MinecraftGameProvider.launch(MinecraftGameProvider.java:472) ~[fabric-loader-0.15.7.jar:?]
	at net.fabricmc.loader.impl.launch.knot.Knot.launch(Knot.java:74) [fabric-loader-0.15.7.jar:?]
	at net.fabricmc.loader.impl.launch.knot.KnotClient.main(KnotClient.java:23) [fabric-loader-0.15.7.jar:?]
	at net.fabricmc.devlaunchinjector.Main.main(Main.java:86) [dev-launch-injector-0.2.1+build.8.jar:?]
Caused by: java.lang.RuntimeException: Mixin transformation of net.minecraft.client.MinecraftClient failed
	at net.fabricmc.loader.impl.launch.knot.KnotClassDelegate.getPostMixinClassByteArray(KnotClassDelegate.java:427) ~[fabric-loader-0.15.7.jar:?]
	at net.fabricmc.loader.impl.launch.knot.KnotClassDelegate.tryLoadClass(KnotClassDelegate.java:323) ~[fabric-loader-0.15.7.jar:?]
	at net.fabricmc.loader.impl.launch.knot.KnotClassDelegate.loadClass(KnotClassDelegate.java:218) ~[fabric-loader-0.15.7.jar:?]
	at net.fabricmc.loader.impl.launch.knot.KnotClassLoader.loadClass(KnotClassLoader.java:119) ~[fabric-loader-0.15.7.jar:?]
	at java.base/java.lang.ClassLoader.loadClass(ClassLoader.java:526) ~[?:?]
	at net.minecraft.client.main.Main.main(Main.java:222) ~[minecraft-merged-1e85820872-1.21.7-net.fabricmc.yarn.1_21_7.1.21.7+build.1-v2.jar:?]
	at net.fabricmc.loader.impl.game.minecraft.MinecraftGameProvider.launch(MinecraftGameProvider.java:470) ~[fabric-loader-0.15.7.jar:?]
	... 3 more
Caused by: org.spongepowered.asm.mixin.transformer.throwables.MixinTransformerError: An unexpected critical error was encountered
	at org.spongepowered.asm.mixin.transformer.MixinProcessor.applyMixins(MixinProcessor.java:392) ~[sponge-mixin-0.12.5+mixin.0.8.5.jar:0.12.5+mixin.0.8.5]
	at org.spongepowered.asm.mixin.transformer.MixinTransformer.transformClass(MixinTransformer.java:234) ~[sponge-mixin-0.12.5+mixin.0.8.5.jar:0.12.5+mixin.0.8.5]
	at org.spongepowered.asm.mixin.transformer.MixinTransformer.transformClassBytes(MixinTransformer.java:202) ~[sponge-mixin-0.12.5+mixin.0.8.5.jar:0.12.5+mixin.0.8.5]
	at net.fabricmc.loader.impl.launch.knot.KnotClassDelegate.getPostMixinClassByteArray(KnotClassDelegate.java:422) ~[fabric-loader-0.15.7.jar:?]
	at net.fabricmc.loader.impl.launch.knot.KnotClassDelegate.tryLoadClass(KnotClassDelegate.java:323) ~[fabric-loader-0.15.7.jar:?]
	at net.fabricmc.loader.impl.launch.knot.KnotClassDelegate.loadClass(KnotClassDelegate.java:218) ~[fabric-loader-0.15.7.jar:?]
	at net.fabricmc.loader.impl.launch.knot.KnotClassLoader.loadClass(KnotClassLoader.java:119) ~[fabric-loader-0.15.7.jar:?]
	at java.base/java.lang.ClassLoader.loadClass(ClassLoader.java:526) ~[?:?]
	at net.minecraft.client.main.Main.main(Main.java:222) ~[minecraft-merged-1e85820872-1.21.7-net.fabricmc.yarn.1_21_7.1.21.7+build.1-v2.jar:?]
	at net.fabricmc.loader.impl.game.minecraft.MinecraftGameProvider.launch(MinecraftGameProvider.java:470) ~[fabric-loader-0.15.7.jar:?]
	... 3 more
Caused by: org.spongepowered.asm.mixin.throwables.MixinApplyError: Mixin [fabric-events-interaction-v0.client.mixins.json:MinecraftClientMixin from mod fabric-events-interaction-v0] from phase [DEFAULT] in config [fabric-events-interaction-v0.client.mixins.json] FAILED during APPLY
	at org.spongepowered.asm.mixin.transformer.MixinProcessor.handleMixinError(MixinProcessor.java:638) ~[sponge-mixin-0.12.5+mixin.0.8.5.jar:0.12.5+mixin.0.8.5]
	at org.spongepowered.asm.mixin.transformer.MixinProcessor.handleMixinApplyError(MixinProcessor.java:589) ~[sponge-mixin-0.12.5+mixin.0.8.5.jar:0.12.5+mixin.0.8.5]
	at org.spongepowered.asm.mixin.transformer.MixinProcessor.applyMixins(MixinProcessor.java:379) ~[sponge-mixin-0.12.5+mixin.0.8.5.jar:0.12.5+mixin.0.8.5]
	at org.spongepowered.asm.mixin.transformer.MixinTransformer.transformClass(MixinTransformer.java:234) ~[sponge-mixin-0.12.5+mixin.0.8.5.jar:0.12.5+mixin.0.8.5]
	at org.spongepowered.asm.mixin.transformer.MixinTransformer.transformClassBytes(MixinTransformer.java:202) ~[sponge-mixin-0.12.5+mixin.0.8.5.jar:0.12.5+mixin.0.8.5]
	at net.fabricmc.loader.impl.launch.knot.KnotClassDelegate.getPostMixinClassByteArray(KnotClassDelegate.java:422) ~[fabric-loader-0.15.7.jar:?]
	at net.fabricmc.loader.impl.launch.knot.KnotClassDelegate.tryLoadClass(KnotClassDelegate.java:323) ~[fabric-loader-0.15.7.jar:?]
	at net.fabricmc.loader.impl.launch.knot.KnotClassDelegate.loadClass(KnotClassDelegate.java:218) ~[fabric-loader-0.15.7.jar:?]
	at net.fabricmc.loader.impl.launch.knot.KnotClassLoader.loadClass(KnotClassLoader.java:119) ~[fabric-loader-0.15.7.jar:?]
	at java.base/java.lang.ClassLoader.loadClass(ClassLoader.java:526) ~[?:?]
	at net.minecraft.client.main.Main.main(Main.java:222) ~[minecraft-merged-1e85820872-1.21.7-net.fabricmc.yarn.1_21_7.1.21.7+build.1-v2.jar:?]
	at net.fabricmc.loader.impl.game.minecraft.MinecraftGameProvider.launch(MinecraftGameProvider.java:470) ~[fabric-loader-0.15.7.jar:?]
	... 3 more
Caused by: org.spongepowered.asm.mixin.transformer.throwables.InvalidMixinException: @Shadow method method_1499 in fabric-events-interaction-v0.client.mixins.json:MinecraftClientMixin from mod fabric-events-interaction-v0 was not located in the target class net.minecraft.client.MinecraftClient. Using refmap client-fabric-events-interaction-v0-refmap.json
	at org.spongepowered.asm.mixin.transformer.MixinPreProcessorStandard.attachSpecialMethod(MixinPreProcessorStandard.java:436) ~[sponge-mixin-0.12.5+mixin.0.8.5.jar:0.12.5+mixin.0.8.5]
	at org.spongepowered.asm.mixin.transformer.MixinPreProcessorStandard.attachShadowMethod(MixinPreProcessorStandard.java:412) ~[sponge-mixin-0.12.5+mixin.0.8.5.jar:0.12.5+mixin.0.8.5]
	at org.spongepowered.asm.mixin.transformer.MixinPreProcessorStandard.attachMethods(MixinPreProcessorStandard.java:340) ~[sponge-mixin-0.12.5+mixin.0.8.5.jar:0.12.5+mixin.0.8.5]
	at org.spongepowered.asm.mixin.transformer.MixinPreProcessorStandard.attach(MixinPreProcessorStandard.java:299) ~[sponge-mixin-0.12.5+mixin.0.8.5.jar:0.12.5+mixin.0.8.5]
	at org.spongepowered.asm.mixin.transformer.MixinPreProcessorStandard.createContextFor(MixinPreProcessorStandard.java:277) ~[sponge-mixin-0.12.5+mixin.0.8.5.jar:0.12.5+mixin.0.8.5]
	at org.spongepowered.asm.mixin.transformer.MixinInfo.createContextFor(MixinInfo.java:1289) ~[sponge-mixin-0.12.5+mixin.0.8.5.jar:0.12.5+mixin.0.8.5]
	at org.spongepowered.asm.mixin.transformer.MixinApplicatorStandard.apply(MixinApplicatorStandard.java:294) ~[sponge-mixin-0.12.5+mixin.0.8.5.jar:0.12.5+mixin.0.8.5]
	at org.spongepowered.asm.mixin.transformer.TargetClassContext.apply(TargetClassContext.java:421) ~[sponge-mixin-0.12.5+mixin.0.8.5.jar:0.12.5+mixin.0.8.5]
	at org.spongepowered.asm.mixin.transformer.TargetClassContext.applyMixins(TargetClassContext.java:403) ~[sponge-mixin-0.12.5+mixin.0.8.5.jar:0.12.5+mixin.0.8.5]
	at org.spongepowered.asm.mixin.transformer.MixinProcessor.applyMixins(MixinProcessor.java:363) ~[sponge-mixin-0.12.5+mixin.0.8.5.jar:0.12.5+mixin.0.8.5]
	at org.spongepowered.asm.mixin.transformer.MixinTransformer.transformClass(MixinTransformer.java:234) ~[sponge-mixin-0.12.5+mixin.0.8.5.jar:0.12.5+mixin.0.8.5]
	at org.spongepowered.asm.mixin.transformer.MixinTransformer.transformClassBytes(MixinTransformer.java:202) ~[sponge-mixin-0.12.5+mixin.0.8.5.jar:0.12.5+mixin.0.8.5]
	at net.fabricmc.loader.impl.launch.knot.KnotClassDelegate.getPostMixinClassByteArray(KnotClassDelegate.java:422) ~[fabric-loader-0.15.7.jar:?]
	at net.fabricmc.loader.impl.launch.knot.KnotClassDelegate.tryLoadClass(KnotClassDelegate.java:323) ~[fabric-loader-0.15.7.jar:?]
	at net.fabricmc.loader.impl.launch.knot.KnotClassDelegate.loadClass(KnotClassDelegate.java:218) ~[fabric-loader-0.15.7.jar:?]
	at net.fabricmc.loader.impl.launch.knot.KnotClassLoader.loadClass(KnotClassLoader.java:119) ~[fabric-loader-0.15.7.jar:?]
	at java.base/java.lang.ClassLoader.loadClass(ClassLoader.java:526) ~[?:?]
	at net.minecraft.client.main.Main.main(Main.java:222) ~[minecraft-merged-1e85820872-1.21.7-net.fabricmc.yarn.1_21_7.1.21.7+build.1-v2.jar:?]
	at net.fabricmc.loader.impl.game.minecraft.MinecraftGameProvider.launch(MinecraftGameProvider.java:470) ~[fabric-loader-0.15.7.jar:?]
	... 3 more
