[19:45:14] [main/INFO] (FabricLoader/GameProvider) Loading Minecraft 1.20.4 with Fabric Loader 0.15.7
[19:45:14] [main/INFO] (FabricLoader) Loading 56 mods:
	- fabric-api 0.91.3+1.20.4
	- fabric-api-base 0.4.35+78d798af4f
	- fabric-api-lookup-api-v1 1.6.45+78d798af4f
	- fabric-biome-api-v1 13.0.15+78d798af4f
	- fabric-block-api-v1 1.0.14+78d798af4f
	- fabric-block-view-api-v2 1.0.3+78d798af4f
	- fabric-blockrenderlayer-v1 1.1.45+78d798af4f
	- fabric-client-tags-api-v1 1.1.6+78d798af4f
	- fabric-command-api-v1 1.2.40+f71b366f4f
	- fabric-command-api-v2 2.2.19+78d798af4f
	- fabric-commands-v0 0.2.57+df3654b34f
	- fabric-containers-v0 0.1.81+df3654b34f
	- fabric-content-registries-v0 5.0.9+78d798af4f
	- fabric-convention-tags-v1 1.5.9+78d798af4f
	- fabric-crash-report-info-v1 0.2.22+78d798af4f
	- fabric-data-generation-api-v1 13.1.17+78d798af4f
	- fabric-dimensions-v1 2.1.60+78d798af4f
	- fabric-entity-events-v1 1.5.28+4ced05924f
	- fabric-events-interaction-v0 0.6.14+78d798af4f
	- fabric-events-lifecycle-v0 0.2.71+df3654b34f
	- fabric-game-rule-api-v1 1.0.45+78d798af4f
	- fabric-gametest-api-v1 1.2.19+78d798af4f
	- fabric-item-api-v1 2.1.34+78d798af4f
	- fabric-item-group-api-v1 4.0.20+78d798af4f
	- fabric-key-binding-api-v1 1.0.40+78d798af4f
	- fabric-keybindings-v0 0.2.38+df3654b34f
	- fabric-lifecycle-events-v1 2.2.29+78d798af4f
	- fabric-loot-api-v2 2.1.4+78d798af4f
	- fabric-message-api-v1 6.0.4+78d798af4f
	- fabric-mining-level-api-v1 2.1.59+78d798af4f
	- fabric-model-loading-api-v1 1.0.7+78d798af4f
	- fabric-models-v0 0.4.6+9386d8a74f
	- fabric-networking-api-v1 3.1.2+78d798af4f
	- fabric-object-builder-api-v1 13.0.7+78d798af4f
	- fabric-particles-v1 1.1.6+78d798af4f
	- fabric-recipe-api-v1 2.0.15+78d798af4f
	- fabric-registry-sync-v0 4.0.13+78d798af4f
	- fabric-renderer-api-v1 3.2.3+78d798af4f
	- fabric-renderer-indigo 1.5.3+78d798af4f
	- fabric-renderer-registries-v1 3.2.50+df3654b34f
	- fabric-rendering-data-attachment-v1 0.3.41+73761d2e4f
	- fabric-rendering-fluids-v1 3.0.32+78d798af4f
	- fabric-rendering-v0 1.1.53+df3654b34f
	- fabric-rendering-v1 3.0.12+78d798af4f
	- fabric-resource-conditions-api-v1 2.3.13+78d798af4f
	- fabric-resource-loader-v0 0.11.15+78d798af4f
	- fabric-screen-api-v1 2.0.16+78d798af4f
	- fabric-screen-handler-api-v1 1.3.50+78d798af4f
	- fabric-sound-api-v1 1.0.16+78d798af4f
	- fabric-transfer-api-v1 4.0.6+78d798af4f
	- fabric-transitive-access-wideners-v1 5.0.13+78d798af4f
	- fabricloader 0.15.7
	- java 21
	- mcmod 1.0.0
	- minecraft 1.20.4
	- mixinextras 0.3.5
[19:45:14] [main/INFO] (FabricLoader/Mixin) SpongePowered MIXIN Subsystem Version=0.8.5 Source=file:/C:/Users/Loure/.gradle/caches/modules-2/files-2.1/net.fabricmc/sponge-mixin/0.12.5+mixin.0.8.5/8d31fb97c3e0cd7c8dad3441851c523bcfae6d8e/sponge-mixin-0.12.5+mixin.0.8.5.jar Service=Knot/Fabric Env=CLIENT
[19:45:14] [main/INFO] (FabricLoader/Mixin) Loaded Fabric development mappings for mixin remapper!
[19:45:14] [main/INFO] (FabricLoader/Mixin) Compatibility level set to JAVA_17
[19:45:16] [main/INFO] (FabricLoader/MixinExtras|Service) Initializing MixinExtras via com.llamalad7.mixinextras.service.MixinExtrasServiceImpl(version=0.3.5).
[19:45:21] [Datafixer Bootstrap/INFO] (Minecraft) 198 Datafixer optimizations took 109 milliseconds
[19:45:22] [Render thread/INFO] (Minecraft) [STDERR]: [LWJGL] [ThreadLocalUtil] Unsupported JNI version detected, this may result in a crash. Please inform LWJGL developers.
[19:45:23] [Render thread/INFO] (Minecraft) Environment: Environment[sessionHost=https://sessionserver.mojang.com, servicesHost=https://api.minecraftservices.com, name=PROD]
[19:45:23] [Render thread/INFO] (Minecraft) Setting user: Player696
[19:45:23] [Render thread/INFO] (fabric-networking-api-v1) Force Packet Serialization is enabled to mimic remote connection on single player, this is the default behaviour on dev env. Add -Dfabric-api.networking.force-packet-serialization=false JVM arg to disable it.
[19:45:23] [Render thread/INFO] (mcmod) Initializing MC Mod!
[19:45:23] [Render thread/ERROR] (Minecraft) No data fixer registered for doppelganger
[19:45:23] [Render thread/INFO] (mcmod) MC Mod initialized successfully!
[19:45:23] [Render thread/INFO] (Indigo) [Indigo] Registering Indigo renderer!
[19:45:23] [Download-2/ERROR] (Minecraft) Failed to fetch user properties
com.mojang.authlib.exceptions.InvalidCredentialsException: Status: 401
	at com.mojang.authlib.exceptions.MinecraftClientHttpException.toAuthenticationException(MinecraftClientHttpException.java:59) ~[authlib-6.0.52.jar:?]
	at com.mojang.authlib.yggdrasil.YggdrasilUserApiService.fetchProperties(YggdrasilUserApiService.java:150) ~[authlib-6.0.52.jar:?]
	at net.minecraft.client.MinecraftClient.method_55608(MinecraftClient.java:467) ~[minecraft-merged-4eb9d75495-1.20.4-net.fabricmc.yarn.1_20_4.1.20.4+build.3-v2.jar:?]
	at java.util.concurrent.CompletableFuture$AsyncSupply.run(CompletableFuture.java:1768) ~[?:?]
	at java.util.concurrent.ThreadPoolExecutor.runWorker(ThreadPoolExecutor.java:1144) ~[?:?]
	at java.util.concurrent.ThreadPoolExecutor$Worker.run(ThreadPoolExecutor.java:642) ~[?:?]
	at java.lang.Thread.run(Thread.java:1583) ~[?:?]
Caused by: com.mojang.authlib.exceptions.MinecraftClientHttpException: Status: 401
	at com.mojang.authlib.minecraft.client.MinecraftClient.readInputStream(MinecraftClient.java:100) ~[authlib-6.0.52.jar:?]
	at com.mojang.authlib.minecraft.client.MinecraftClient.get(MinecraftClient.java:57) ~[authlib-6.0.52.jar:?]
	at com.mojang.authlib.yggdrasil.YggdrasilUserApiService.fetchProperties(YggdrasilUserApiService.java:121) ~[authlib-6.0.52.jar:?]
	... 5 more
[19:45:24] [Render thread/INFO] (Minecraft) Backend library: LWJGL version 3.3.2-snapshot
[19:45:25] [Render thread/INFO] (Minecraft) Reloading ResourceManager: vanilla, fabric (fabric-api, fabric-lifecycle-events-v1, fabric-transitive-access-wideners-v1, fabric-content-registries-v0, fabric-mining-level-api-v1, fabric-rendering-data-attachment-v1, fabric-particles-v1, fabric-networking-api-v1, fabric-rendering-fluids-v1, fabric-resource-conditions-api-v1, fabric-resource-loader-v0, fabric-events-lifecycle-v0, fabric-sound-api-v1, fabric-screen-handler-api-v1, fabric-object-builder-api-v1, fabric-command-api-v2, fabric-api-lookup-api-v1, fabric-game-rule-api-v1, fabric-blockrenderlayer-v1, fabric-block-view-api-v2, fabric-item-group-api-v1, fabric-block-api-v1, fabric-registry-sync-v0, fabric-models-v0, fabric-commands-v0, fabric-model-loading-api-v1, fabric-keybindings-v0, fabric-item-api-v1, fabric-biome-api-v1, fabric-events-interaction-v0, fabric-convention-tags-v1, fabric-client-tags-api-v1, fabric-rendering-v1, fabric-recipe-api-v1, fabric-crash-report-info-v1, fabric-command-api-v1, fabric-key-binding-api-v1, fabric-screen-api-v1, fabric-api-base, mcmod, fabric-dimensions-v1, fabric-renderer-indigo, fabric-rendering-v0, fabric-gametest-api-v1, fabricloader, fabric-data-generation-api-v1, fabric-loot-api-v2, fabric-transfer-api-v1, fabric-entity-events-v1, fabric-message-api-v1, fabric-containers-v0, fabric-renderer-api-v1, fabric-renderer-registries-v1)
[19:45:25] [Worker-Main-13/INFO] (Minecraft) Found unifont_all_no_pua-15.1.04.hex, loading
[19:45:25] [Worker-Main-5/ERROR] (Minecraft) Using missing texture, unable to load mcmod:item/custom_item
java.io.IOException: Bad PNG Signature
	at net.minecraft.util.PngMetadata.validate(PngMetadata.java:44) ~[minecraft-merged-4eb9d75495-1.20.4-net.fabricmc.yarn.1_20_4.1.20.4+build.3-v2.jar:?]
	at net.minecraft.client.texture.NativeImage.read(NativeImage.java:135) ~[minecraft-merged-4eb9d75495-1.20.4-net.fabricmc.yarn.1_20_4.1.20.4+build.3-v2.jar:?]
	at net.minecraft.client.texture.NativeImage.read(NativeImage.java:107) ~[minecraft-merged-4eb9d75495-1.20.4-net.fabricmc.yarn.1_20_4.1.20.4+build.3-v2.jar:?]
	at net.minecraft.client.texture.NativeImage.read(NativeImage.java:98) ~[minecraft-merged-4eb9d75495-1.20.4-net.fabricmc.yarn.1_20_4.1.20.4+build.3-v2.jar:?]
	at net.minecraft.client.texture.SpriteOpener.method_52851(SpriteOpener.java:36) ~[minecraft-merged-4eb9d75495-1.20.4-net.fabricmc.yarn.1_20_4.1.20.4+build.3-v2.jar:?]
	at net.minecraft.client.texture.atlas.AtlasSource$SpriteRegions.method_47675(AtlasSource.java:21) ~[minecraft-merged-4eb9d75495-1.20.4-net.fabricmc.yarn.1_20_4.1.20.4+build.3-v2.jar:?]
	at net.minecraft.client.texture.SpriteLoader.method_52850(SpriteLoader.java:107) ~[minecraft-merged-4eb9d75495-1.20.4-net.fabricmc.yarn.1_20_4.1.20.4+build.3-v2.jar:?]
	at java.util.concurrent.CompletableFuture$AsyncSupply.run(CompletableFuture.java:1768) ~[?:?]
	at java.util.concurrent.CompletableFuture$AsyncSupply.exec(CompletableFuture.java:1760) ~[?:?]
	at java.util.concurrent.ForkJoinTask.doExec(ForkJoinTask.java:387) ~[?:?]
	at java.util.concurrent.ForkJoinPool$WorkQueue.topLevelExec(ForkJoinPool.java:1312) ~[?:?]
	at java.util.concurrent.ForkJoinPool.scan(ForkJoinPool.java:1843) ~[?:?]
	at java.util.concurrent.ForkJoinPool.runWorker(ForkJoinPool.java:1808) ~[?:?]
	at java.util.concurrent.ForkJoinWorkerThread.run(ForkJoinWorkerThread.java:188) ~[?:?]
[19:45:25] [Worker-Main-5/ERROR] (Minecraft) Using missing texture, unable to load mcmod:block/custom_block
java.io.IOException: Bad PNG Signature
	at net.minecraft.util.PngMetadata.validate(PngMetadata.java:44) ~[minecraft-merged-4eb9d75495-1.20.4-net.fabricmc.yarn.1_20_4.1.20.4+build.3-v2.jar:?]
	at net.minecraft.client.texture.NativeImage.read(NativeImage.java:135) ~[minecraft-merged-4eb9d75495-1.20.4-net.fabricmc.yarn.1_20_4.1.20.4+build.3-v2.jar:?]
	at net.minecraft.client.texture.NativeImage.read(NativeImage.java:107) ~[minecraft-merged-4eb9d75495-1.20.4-net.fabricmc.yarn.1_20_4.1.20.4+build.3-v2.jar:?]
	at net.minecraft.client.texture.NativeImage.read(NativeImage.java:98) ~[minecraft-merged-4eb9d75495-1.20.4-net.fabricmc.yarn.1_20_4.1.20.4+build.3-v2.jar:?]
	at net.minecraft.client.texture.SpriteOpener.method_52851(SpriteOpener.java:36) ~[minecraft-merged-4eb9d75495-1.20.4-net.fabricmc.yarn.1_20_4.1.20.4+build.3-v2.jar:?]
	at net.minecraft.client.texture.atlas.AtlasSource$SpriteRegions.method_47675(AtlasSource.java:21) ~[minecraft-merged-4eb9d75495-1.20.4-net.fabricmc.yarn.1_20_4.1.20.4+build.3-v2.jar:?]
	at net.minecraft.client.texture.SpriteLoader.method_52850(SpriteLoader.java:107) ~[minecraft-merged-4eb9d75495-1.20.4-net.fabricmc.yarn.1_20_4.1.20.4+build.3-v2.jar:?]
	at java.util.concurrent.CompletableFuture$AsyncSupply.run(CompletableFuture.java:1768) ~[?:?]
	at java.util.concurrent.CompletableFuture$AsyncSupply.exec(CompletableFuture.java:1760) ~[?:?]
	at java.util.concurrent.ForkJoinTask.doExec(ForkJoinTask.java:387) ~[?:?]
	at java.util.concurrent.ForkJoinPool$WorkQueue.topLevelExec(ForkJoinPool.java:1312) ~[?:?]
	at java.util.concurrent.ForkJoinPool.scan(ForkJoinPool.java:1843) ~[?:?]
	at java.util.concurrent.ForkJoinPool.runWorker(ForkJoinPool.java:1808) ~[?:?]
	at java.util.concurrent.ForkJoinWorkerThread.run(ForkJoinWorkerThread.java:188) ~[?:?]
[19:45:26] [Worker-Main-7/WARN] (Minecraft) Missing textures in model mcmod:custom_item#inventory:
    minecraft:textures/atlas/blocks.png:mcmod:item/custom_item
[19:45:26] [Worker-Main-7/WARN] (Minecraft) Missing textures in model mcmod:custom_block#:
    minecraft:textures/atlas/blocks.png:mcmod:block/custom_block
[19:45:26] [Worker-Main-7/WARN] (Minecraft) Missing textures in model mcmod:custom_block#inventory:
    minecraft:textures/atlas/blocks.png:mcmod:block/custom_block
[19:45:26] [Render thread/WARN] (Minecraft) Missing sound for event: minecraft:item.goat_horn.play
[19:45:26] [Render thread/WARN] (Minecraft) Missing sound for event: minecraft:entity.goat.screaming.horn_break
[19:45:26] [Render thread/WARN] (Minecraft) Missing sound for event: minecraft:entity.generic.wind_burst
[19:45:26] [Render thread/INFO] (Minecraft) OpenAL initialized on device OpenAL Soft on Headphones (Arctis Nova Pro Wireless)
[19:45:26] [Render thread/INFO] (Minecraft) Sound engine started
[19:45:26] [Render thread/INFO] (Minecraft) Created: 1024x512x4 minecraft:textures/atlas/blocks.png-atlas
[19:45:26] [Render thread/INFO] (Minecraft) Created: 256x256x4 minecraft:textures/atlas/signs.png-atlas
[19:45:26] [Render thread/INFO] (Minecraft) Created: 512x512x4 minecraft:textures/atlas/shield_patterns.png-atlas
[19:45:26] [Render thread/INFO] (Minecraft) Created: 512x512x4 minecraft:textures/atlas/banner_patterns.png-atlas
[19:45:26] [Render thread/INFO] (Minecraft) Created: 1024x1024x4 minecraft:textures/atlas/armor_trims.png-atlas
[19:45:26] [Render thread/INFO] (Minecraft) Created: 128x64x4 minecraft:textures/atlas/decorated_pot.png-atlas
[19:45:26] [Render thread/INFO] (Minecraft) Created: 256x256x4 minecraft:textures/atlas/chest.png-atlas
[19:45:26] [Render thread/INFO] (Minecraft) Created: 512x256x4 minecraft:textures/atlas/beds.png-atlas
[19:45:26] [Render thread/INFO] (Minecraft) Created: 512x256x4 minecraft:textures/atlas/shulker_boxes.png-atlas
[19:45:27] [Render thread/WARN] (Minecraft) Shader rendertype_entity_translucent_emissive could not find sampler named Sampler2 in the specified shader program.
[19:45:27] [Render thread/INFO] (Minecraft) Created: 512x256x0 minecraft:textures/atlas/particles.png-atlas
[19:45:27] [Render thread/INFO] (Minecraft) Created: 256x256x0 minecraft:textures/atlas/paintings.png-atlas
[19:45:27] [Render thread/INFO] (Minecraft) Created: 128x128x0 minecraft:textures/atlas/mob_effects.png-atlas
[19:45:27] [Render thread/INFO] (Minecraft) Created: 1024x512x0 minecraft:textures/atlas/gui.png-atlas
[19:45:27] [IO-Worker-1/INFO] (Minecraft) Could not authorize you against Realms server: java.lang.RuntimeException: Failed to parse into SignedJWT: FabricMC
[19:45:27] [IO-Worker-1/ERROR] (Minecraft) Couldn't connect to realms
net.minecraft.client.realms.exception.RealmsServiceException: Realms authentication error with message 'java.lang.RuntimeException: Failed to parse into SignedJWT: FabricMC'
	at net.minecraft.client.realms.RealmsClient.execute(RealmsClient.java:447) ~[minecraft-merged-4eb9d75495-1.20.4-net.fabricmc.yarn.1_20_4.1.20.4+build.3-v2.jar:?]
	at net.minecraft.client.realms.RealmsClient.clientCompatible(RealmsClient.java:232) ~[minecraft-merged-4eb9d75495-1.20.4-net.fabricmc.yarn.1_20_4.1.20.4+build.3-v2.jar:?]
	at net.minecraft.client.realms.RealmsAvailability.method_52627(RealmsAvailability.java:45) ~[minecraft-merged-4eb9d75495-1.20.4-net.fabricmc.yarn.1_20_4.1.20.4+build.3-v2.jar:?]
	at java.util.concurrent.CompletableFuture$AsyncSupply.run(CompletableFuture.java:1768) ~[?:?]
	at java.util.concurrent.ThreadPoolExecutor.runWorker(ThreadPoolExecutor.java:1144) ~[?:?]
	at java.util.concurrent.ThreadPoolExecutor$Worker.run(ThreadPoolExecutor.java:642) ~[?:?]
	at java.lang.Thread.run(Thread.java:1583) ~[?:?]
[19:45:28] [Yggdrasil Key Fetcher/ERROR] (Minecraft) Failed to request yggdrasil public key
com.mojang.authlib.exceptions.MinecraftClientException: Failed to read from https://api.minecraftservices.com/publickeys due to Read timed out
	at com.mojang.authlib.minecraft.client.MinecraftClient.readInputStream(MinecraftClient.java:108) ~[authlib-6.0.52.jar:?]
	at com.mojang.authlib.minecraft.client.MinecraftClient.get(MinecraftClient.java:57) ~[authlib-6.0.52.jar:?]
	at com.mojang.authlib.yggdrasil.YggdrasilServicesKeyInfo.fetch(YggdrasilServicesKeyInfo.java:114) ~[authlib-6.0.52.jar:?]
	at com.mojang.authlib.yggdrasil.YggdrasilServicesKeyInfo$1.run(YggdrasilServicesKeyInfo.java:89) ~[authlib-6.0.52.jar:?]
	at java.util.concurrent.Executors$RunnableAdapter.call(Executors.java:572) ~[?:?]
	at java.util.concurrent.FutureTask.run(FutureTask.java:317) ~[?:?]
	at java.util.concurrent.ScheduledThreadPoolExecutor$ScheduledFutureTask.run(ScheduledThreadPoolExecutor.java:304) ~[?:?]
	at java.util.concurrent.ThreadPoolExecutor.runWorker(ThreadPoolExecutor.java:1144) ~[?:?]
	at java.util.concurrent.ThreadPoolExecutor$Worker.run(ThreadPoolExecutor.java:642) ~[?:?]
	at java.lang.Thread.run(Thread.java:1583) ~[?:?]
Caused by: java.net.SocketTimeoutException: Read timed out
	at sun.nio.ch.NioSocketImpl.timedRead(NioSocketImpl.java:278) ~[?:?]
	at sun.nio.ch.NioSocketImpl.implRead(NioSocketImpl.java:304) ~[?:?]
	at sun.nio.ch.NioSocketImpl.read(NioSocketImpl.java:346) ~[?:?]
	at sun.nio.ch.NioSocketImpl$1.read(NioSocketImpl.java:796) ~[?:?]
	at java.net.Socket$SocketInputStream.read(Socket.java:1099) ~[?:?]
	at sun.security.ssl.SSLSocketInputRecord.read(SSLSocketInputRecord.java:489) ~[?:?]
	at sun.security.ssl.SSLSocketInputRecord.readHeader(SSLSocketInputRecord.java:483) ~[?:?]
	at sun.security.ssl.SSLSocketInputRecord.decode(SSLSocketInputRecord.java:160) ~[?:?]
	at sun.security.ssl.SSLTransport.decode(SSLTransport.java:111) ~[?:?]
	at sun.security.ssl.SSLSocketImpl.decode(SSLSocketImpl.java:1506) ~[?:?]
	at sun.security.ssl.SSLSocketImpl.readHandshakeRecord(SSLSocketImpl.java:1421) ~[?:?]
	at sun.security.ssl.SSLSocketImpl.startHandshake(SSLSocketImpl.java:455) ~[?:?]
	at sun.security.ssl.SSLSocketImpl.startHandshake(SSLSocketImpl.java:426) ~[?:?]
	at sun.net.www.protocol.https.HttpsClient.afterConnect(HttpsClient.java:586) ~[?:?]
	at sun.net.www.protocol.https.AbstractDelegateHttpsURLConnection.connect(AbstractDelegateHttpsURLConnection.java:187) ~[?:?]
	at sun.net.www.protocol.http.HttpURLConnection.getInputStream0(HttpURLConnection.java:1690) ~[?:?]
	at sun.net.www.protocol.http.HttpURLConnection.getInputStream(HttpURLConnection.java:1614) ~[?:?]
	at java.net.HttpURLConnection.getResponseCode(HttpURLConnection.java:531) ~[?:?]
	at sun.net.www.protocol.https.HttpsURLConnectionImpl.getResponseCode(HttpsURLConnectionImpl.java:307) ~[?:?]
	at com.mojang.authlib.minecraft.client.MinecraftClient.readInputStream(MinecraftClient.java:84) ~[authlib-6.0.52.jar:?]
	... 9 more
[19:45:32] [Render thread/INFO] (Minecraft) Loaded 7 recipes
[19:45:33] [Render thread/INFO] (Minecraft) Loaded 1271 advancements
[19:45:37] [Render thread/INFO] (BiomeModificationImpl) Applied 0 biome modifications to 0 of 64 new biomes in 1.327 ms
[19:45:37] [Server thread/INFO] (Minecraft) Starting integrated minecraft server version 1.20.4
[19:45:37] [Server thread/INFO] (Minecraft) Generating keypair
[19:45:39] [Server thread/INFO] (Minecraft) Preparing start region for dimension minecraft:overworld
[19:45:39] [Render thread/INFO] (Minecraft) Preparing spawn area: 0%
[19:45:39] [Render thread/INFO] (Minecraft) Preparing spawn area: 0%
[19:45:40] [Render thread/INFO] (Minecraft) Preparing spawn area: 0%
[19:45:40] [Render thread/INFO] (Minecraft) Preparing spawn area: 3%
[19:45:41] [Render thread/INFO] (Minecraft) Preparing spawn area: 6%
[19:45:41] [Render thread/INFO] (Minecraft) Preparing spawn area: 11%
[19:45:42] [Render thread/INFO] (Minecraft) Preparing spawn area: 16%
[19:45:42] [Render thread/INFO] (Minecraft) Preparing spawn area: 23%
[19:45:43] [Render thread/INFO] (Minecraft) Preparing spawn area: 31%
[19:45:43] [Render thread/INFO] (Minecraft) Preparing spawn area: 38%
[19:45:44] [Render thread/INFO] (Minecraft) Preparing spawn area: 44%
[19:45:44] [Render thread/INFO] (Minecraft) Preparing spawn area: 53%
[19:45:45] [Render thread/INFO] (Minecraft) Preparing spawn area: 59%
[19:45:45] [Render thread/INFO] (Minecraft) Preparing spawn area: 68%
[19:45:46] [Render thread/INFO] (Minecraft) Preparing spawn area: 73%
[19:45:46] [Render thread/INFO] (Minecraft) Preparing spawn area: 83%
[19:45:47] [Render thread/INFO] (Minecraft) Preparing spawn area: 88%
[19:45:47] [Render thread/INFO] (Minecraft) Preparing spawn area: 96%
[19:45:47] [Render thread/INFO] (Minecraft) Time elapsed: 8658 ms
[19:45:48] [Server thread/INFO] (Minecraft) Changing view distance to 12, from 10
[19:45:48] [Server thread/INFO] (Minecraft) Changing simulation distance to 12, from 0
[19:45:48] [Server thread/INFO] (Minecraft) Player696[local:E:a7367e01] logged in with entity id 246 at (8.5, 94.0, -7.5)
[19:45:48] [Server thread/INFO] (Minecraft) Player696 joined the game
[19:45:49] [Render thread/WARN] (Minecraft) Ignoring chat session from Player696 due to missing Services public key
[19:45:49] [Render thread/INFO] (Minecraft) Loaded 2 advancements
[19:45:53] [Server thread/INFO] (Minecraft) [Player696: Set own game mode to Creative Mode]
[19:45:53] [Render thread/INFO] (Minecraft) [System] [CHAT] Set own game mode to Creative Mode
[19:46:09] [Render thread/INFO] (Minecraft) Loaded 4 advancements
[19:46:13] [Render thread/INFO] (Minecraft) Loaded 5 advancements
[19:46:21] [Server thread/INFO] (Minecraft) Saving and pausing game...
[19:46:21] [Server thread/INFO] (Minecraft) Saving chunks for level 'ServerLevel[New World]'/minecraft:overworld
[19:46:21] [Server thread/INFO] (Minecraft) Saving chunks for level 'ServerLevel[New World]'/minecraft:the_nether
[19:46:21] [Server thread/INFO] (Minecraft) Saving chunks for level 'ServerLevel[New World]'/minecraft:the_end
[19:46:23] [Render thread/INFO] (Minecraft) Using default channel type
[19:46:23] [Render thread/INFO] (Minecraft) Started serving on 55336
[19:46:23] [Render thread/INFO] (Minecraft) [System] [CHAT] Local game hosted on port [55336]
[19:46:46] [Server thread/INFO] (mcmod) Ritual complete! Haunting triggered for Player696 by Player696
[19:46:46] [Render thread/INFO] (Minecraft) [System] [CHAT] §4The ritual is complete. The haunting begins...
[19:46:46] [Render thread/INFO] (Minecraft) [System] [CHAT] §8You feel a chill run down your spine...
[19:46:51] [Server thread/INFO] (mcmod) Doppelganger spawned for player Player696 at position BlockPos{x=49, y=70, z=-2}
[19:46:51] [Render thread/INFO] (Minecraft) [System] [CHAT] §8The entity can now enter your home...
[19:46:51] [Render thread/INFO] (Minecraft) [System] [CHAT] §8A doppelganger has appeared in your peripheral vision...
[19:46:58] [Render thread/WARN] (Minecraft) Failed to load texture: minecraft:textures/entity/steve.png
java.io.FileNotFoundException: minecraft:textures/entity/steve.png
	at net.minecraft.resource.ResourceFactory.method_43043(ResourceFactory.java:21) ~[minecraft-merged-4eb9d75495-1.20.4-net.fabricmc.yarn.1_20_4.1.20.4+build.3-v2.jar:?]
	at java.util.Optional.orElseThrow(Optional.java:403) ~[?:?]
	at net.minecraft.resource.ResourceFactory.getResourceOrThrow(ResourceFactory.java:21) ~[minecraft-merged-4eb9d75495-1.20.4-net.fabricmc.yarn.1_20_4.1.20.4+build.3-v2.jar:?]
	at net.minecraft.client.texture.ResourceTexture$TextureData.load(ResourceTexture.java:83) ~[minecraft-merged-4eb9d75495-1.20.4-net.fabricmc.yarn.1_20_4.1.20.4+build.3-v2.jar:?]
	at net.minecraft.client.texture.ResourceTexture.loadTextureData(ResourceTexture.java:58) ~[minecraft-merged-4eb9d75495-1.20.4-net.fabricmc.yarn.1_20_4.1.20.4+build.3-v2.jar:?]
	at net.minecraft.client.texture.ResourceTexture.load(ResourceTexture.java:29) ~[minecraft-merged-4eb9d75495-1.20.4-net.fabricmc.yarn.1_20_4.1.20.4+build.3-v2.jar:?]
	at net.minecraft.client.texture.TextureManager.loadTexture(TextureManager.java:96) ~[minecraft-merged-4eb9d75495-1.20.4-net.fabricmc.yarn.1_20_4.1.20.4+build.3-v2.jar:?]
	at net.minecraft.client.texture.TextureManager.registerTexture(TextureManager.java:68) ~[minecraft-merged-4eb9d75495-1.20.4-net.fabricmc.yarn.1_20_4.1.20.4+build.3-v2.jar:?]
	at net.minecraft.client.texture.TextureManager.getTexture(TextureManager.java:118) ~[minecraft-merged-4eb9d75495-1.20.4-net.fabricmc.yarn.1_20_4.1.20.4+build.3-v2.jar:?]
	at net.minecraft.client.render.RenderPhase$Texture.method_23563(RenderPhase.java:243) ~[minecraft-merged-4eb9d75495-1.20.4-net.fabricmc.yarn.1_20_4.1.20.4+build.3-v2.jar:?]
	at net.minecraft.client.render.RenderPhase.startDrawing(RenderPhase.java:37) ~[minecraft-merged-4eb9d75495-1.20.4-net.fabricmc.yarn.1_20_4.1.20.4+build.3-v2.jar:?]
	at com.google.common.collect.ImmutableList.forEach(ImmutableList.java:422) ~[guava-32.1.2-jre.jar:?]
	at net.minecraft.client.render.RenderLayer$MultiPhase.method_23595(RenderLayer.java:1095) ~[minecraft-merged-4eb9d75495-1.20.4-net.fabricmc.yarn.1_20_4.1.20.4+build.3-v2.jar:?]
	at net.minecraft.client.render.RenderPhase.startDrawing(RenderPhase.java:37) ~[minecraft-merged-4eb9d75495-1.20.4-net.fabricmc.yarn.1_20_4.1.20.4+build.3-v2.jar:?]
	at net.minecraft.client.render.RenderLayer.draw(RenderLayer.java:880) ~[minecraft-merged-4eb9d75495-1.20.4-net.fabricmc.yarn.1_20_4.1.20.4+build.3-v2.jar:?]
	at net.minecraft.client.render.VertexConsumerProvider$Immediate.draw(VertexConsumerProvider.java:97) ~[minecraft-merged-4eb9d75495-1.20.4-net.fabricmc.yarn.1_20_4.1.20.4+build.3-v2.jar:?]
	at net.minecraft.client.render.VertexConsumerProvider$Immediate.getBuffer(VertexConsumerProvider.java:46) ~[minecraft-merged-4eb9d75495-1.20.4-net.fabricmc.yarn.1_20_4.1.20.4+build.3-v2.jar:?]
	at net.minecraft.client.render.entity.EntityRenderDispatcher.renderShadow(EntityRenderDispatcher.java:318) ~[minecraft-merged-4eb9d75495-1.20.4-net.fabricmc.yarn.1_20_4.1.20.4+build.3-v2.jar:?]
	at net.minecraft.client.render.entity.EntityRenderDispatcher.render(EntityRenderDispatcher.java:158) ~[minecraft-merged-4eb9d75495-1.20.4-net.fabricmc.yarn.1_20_4.1.20.4+build.3-v2.jar:?]
	at net.minecraft.client.render.WorldRenderer.renderEntity(WorldRenderer.java:1348) ~[minecraft-merged-4eb9d75495-1.20.4-net.fabricmc.yarn.1_20_4.1.20.4+build.3-v2.jar:?]
	at net.minecraft.client.render.WorldRenderer.render(WorldRenderer.java:1098) ~[minecraft-merged-4eb9d75495-1.20.4-net.fabricmc.yarn.1_20_4.1.20.4+build.3-v2.jar:?]
	at net.minecraft.client.render.GameRenderer.renderWorld(GameRenderer.java:1098) ~[minecraft-merged-4eb9d75495-1.20.4-net.fabricmc.yarn.1_20_4.1.20.4+build.3-v2.jar:?]
	at net.minecraft.client.render.GameRenderer.render(GameRenderer.java:866) ~[minecraft-merged-4eb9d75495-1.20.4-net.fabricmc.yarn.1_20_4.1.20.4+build.3-v2.jar:?]
	at net.minecraft.client.MinecraftClient.render(MinecraftClient.java:1327) ~[minecraft-merged-4eb9d75495-1.20.4-net.fabricmc.yarn.1_20_4.1.20.4+build.3-v2.jar:?]
	at net.minecraft.client.MinecraftClient.run(MinecraftClient.java:888) ~[minecraft-merged-4eb9d75495-1.20.4-net.fabricmc.yarn.1_20_4.1.20.4+build.3-v2.jar:?]
	at net.minecraft.client.main.Main.main(Main.java:265) ~[minecraft-merged-4eb9d75495-1.20.4-net.fabricmc.yarn.1_20_4.1.20.4+build.3-v2.jar:?]
	at net.fabricmc.loader.impl.game.minecraft.MinecraftGameProvider.launch(MinecraftGameProvider.java:470) ~[fabric-loader-0.15.7.jar:?]
	at net.fabricmc.loader.impl.launch.knot.Knot.launch(Knot.java:74) ~[fabric-loader-0.15.7.jar:?]
	at net.fabricmc.loader.impl.launch.knot.KnotClient.main(KnotClient.java:23) ~[fabric-loader-0.15.7.jar:?]
	at net.fabricmc.devlaunchinjector.Main.main(Main.java:86) ~[dev-launch-injector-0.2.1+build.8.jar:?]
[19:47:01] [Render thread/WARN] (Minecraft) Unable to play unknown soundEvent: mcmod:haunt_disappear
[19:47:12] [Server thread/INFO] (Minecraft) Player696 lost connection: Disconnected
[19:47:12] [Server thread/INFO] (Minecraft) Player696 left the game
[19:47:12] [Server thread/INFO] (Minecraft) Stopping singleplayer server as player logged out
[19:47:12] [Server thread/WARN] (mcmod) Could not remove Doppelganger entities: entities
[19:47:12] [Server thread/INFO] (Minecraft) Stopping server
[19:47:12] [Server thread/INFO] (Minecraft) Saving players
[19:47:12] [Server thread/INFO] (Minecraft) Saving worlds
[19:47:12] [Server thread/INFO] (Minecraft) Saving chunks for level 'ServerLevel[New World]'/minecraft:overworld
[19:47:13] [Server thread/INFO] (Minecraft) Saving chunks for level 'ServerLevel[New World]'/minecraft:the_nether
[19:47:13] [Server thread/INFO] (Minecraft) Saving chunks for level 'ServerLevel[New World]'/minecraft:the_end
[19:47:13] [Server thread/INFO] (Minecraft) ThreadedAnvilChunkStorage (New World (1)): All chunks are saved
[19:47:13] [Server thread/INFO] (Minecraft) ThreadedAnvilChunkStorage (DIM-1): All chunks are saved
[19:47:13] [Server thread/INFO] (Minecraft) ThreadedAnvilChunkStorage (DIM1): All chunks are saved
[19:47:13] [Server thread/INFO] (Minecraft) ThreadedAnvilChunkStorage: All dimensions are saved
[19:47:17] [Render thread/INFO] (Minecraft) Deleting level New World (1)
[19:47:17] [Render thread/INFO] (Minecraft) Attempt 1...
[19:47:19] [Render thread/INFO] (Minecraft) Deleting level New World
[19:47:19] [Render thread/INFO] (Minecraft) Attempt 1...
[19:47:21] [Render thread/INFO] (Minecraft) Deleting level Creeper
[19:47:21] [Render thread/INFO] (Minecraft) Attempt 1...
[19:47:21] [Render thread/INFO] (Minecraft) Loaded 7 recipes
[19:47:21] [Render thread/INFO] (Minecraft) Loaded 1271 advancements
[19:47:48] [Render thread/INFO] (Minecraft) Stopping!
